Component: ARM Compiler 5.06 update 4 (build 422) Tool: armlink [4d35d2]

==============================================================================

Section Cross References

    startup_stm32f103xb.o(STACK) refers (Special) to heapauxi.o(.text) for __use_two_region_memory
    startup_stm32f103xb.o(HEAP) refers (Special) to heapauxi.o(.text) for __use_two_region_memory
    startup_stm32f103xb.o(RESET) refers (Special) to heapauxi.o(.text) for __use_two_region_memory
    startup_stm32f103xb.o(RESET) refers to startup_stm32f103xb.o(STACK) for __initial_sp
    startup_stm32f103xb.o(RESET) refers to startup_stm32f103xb.o(.text) for Reset_Handler
    startup_stm32f103xb.o(RESET) refers to stm32f1xx_it.o(i.NMI_Handler) for NMI_Handler
    startup_stm32f103xb.o(RESET) refers to stm32f1xx_it.o(i.HardFault_Handler) for HardFault_Handler
    startup_stm32f103xb.o(RESET) refers to stm32f1xx_it.o(i.MemManage_Handler) for MemManage_Handler
    startup_stm32f103xb.o(RESET) refers to stm32f1xx_it.o(i.BusFault_Handler) for BusFault_Handler
    startup_stm32f103xb.o(RESET) refers to stm32f1xx_it.o(i.UsageFault_Handler) for UsageFault_Handler
    startup_stm32f103xb.o(RESET) refers to port.o(.emb_text) for SVC_Handler
    startup_stm32f103xb.o(RESET) refers to stm32f1xx_it.o(i.DebugMon_Handler) for DebugMon_Handler
    startup_stm32f103xb.o(RESET) refers to cmsis_os2.o(i.SysTick_Handler) for SysTick_Handler
    startup_stm32f103xb.o(RESET) refers to stm32f1xx_it.o(i.DMA1_Channel5_IRQHandler) for DMA1_Channel5_IRQHandler
    startup_stm32f103xb.o(RESET) refers to stm32f1xx_it.o(i.TIM1_UP_IRQHandler) for TIM1_UP_IRQHandler
    startup_stm32f103xb.o(RESET) refers to stm32f1xx_it.o(i.TIM4_IRQHandler) for TIM4_IRQHandler
    startup_stm32f103xb.o(RESET) refers to stm32f1xx_it.o(i.SPI2_IRQHandler) for SPI2_IRQHandler
    startup_stm32f103xb.o(.text) refers (Special) to heapauxi.o(.text) for __use_two_region_memory
    startup_stm32f103xb.o(.text) refers to system_stm32f1xx.o(i.SystemInit) for SystemInit
    startup_stm32f103xb.o(.text) refers to __main.o(!!!main) for __main
    startup_stm32f103xb.o(.text) refers to startup_stm32f103xb.o(HEAP) for Heap_Mem
    startup_stm32f103xb.o(.text) refers to startup_stm32f103xb.o(STACK) for Stack_Mem
    main.o(i.HAL_TIM_PeriodElapsedCallback) refers to oled_ui.o(i.OLED_UI_InterruptHandler) for OLED_UI_InterruptHandler
    main.o(i.HAL_TIM_PeriodElapsedCallback) refers to stm32f1xx_hal.o(i.HAL_IncTick) for HAL_IncTick
    main.o(i.HAL_TIM_PeriodElapsedCallback) refers to main.o(.data) for .data
    main.o(i.SystemClock_Config) refers to rt_memclr_w.o(.text) for __aeabi_memclr4
    main.o(i.SystemClock_Config) refers to stm32f1xx_hal_rcc.o(i.HAL_RCC_OscConfig) for HAL_RCC_OscConfig
    main.o(i.SystemClock_Config) refers to stm32f1xx_hal_rcc.o(i.HAL_RCC_ClockConfig) for HAL_RCC_ClockConfig
    main.o(i.main) refers to stm32f1xx_hal.o(i.HAL_Init) for HAL_Init
    main.o(i.main) refers to main.o(i.SystemClock_Config) for SystemClock_Config
    main.o(i.main) refers to gpio.o(i.MX_GPIO_Init) for MX_GPIO_Init
    main.o(i.main) refers to dma.o(i.MX_DMA_Init) for MX_DMA_Init
    main.o(i.main) refers to i2c.o(i.MX_I2C1_Init) for MX_I2C1_Init
    main.o(i.main) refers to spi.o(i.MX_SPI2_Init) for MX_SPI2_Init
    main.o(i.main) refers to tim.o(i.MX_TIM1_Init) for MX_TIM1_Init
    main.o(i.main) refers to tim.o(i.MX_TIM2_Init) for MX_TIM2_Init
    main.o(i.main) refers to stm32f1xx_hal_tim.o(i.HAL_TIM_Base_Start_IT) for HAL_TIM_Base_Start_IT
    main.o(i.main) refers to stm32f1xx_hal.o(i.HAL_Delay) for HAL_Delay
    main.o(i.main) refers to dri_oled.o(i.OLED_Init) for OLED_Init
    main.o(i.main) refers to dri_oled.o(i.OLED_Refresh) for OLED_Refresh
    main.o(i.main) refers to oled_ui.o(i.OLED_UI_Init) for OLED_UI_Init
    main.o(i.main) refers to oled_ui.o(i.OLED_UI_MainLoop) for OLED_UI_MainLoop
    main.o(i.main) refers to tim.o(.bss) for htim1
    main.o(i.main) refers to oled_ui_menudata.o(.data) for MainMenuPage
    gpio.o(i.MX_GPIO_Init) refers to stm32f1xx_hal_gpio.o(i.HAL_GPIO_WritePin) for HAL_GPIO_WritePin
    gpio.o(i.MX_GPIO_Init) refers to stm32f1xx_hal_gpio.o(i.HAL_GPIO_Init) for HAL_GPIO_Init
    freertos.o(i.MX_FREERTOS_Init) refers to cmsis_os2.o(i.osThreadNew) for osThreadNew
    freertos.o(i.MX_FREERTOS_Init) refers to tasks.o(i.xTaskCreate) for xTaskCreate
    freertos.o(i.MX_FREERTOS_Init) refers to freertos.o(.constdata) for .constdata
    freertos.o(i.MX_FREERTOS_Init) refers to freertos.o(i.StartDefaultTask) for StartDefaultTask
    freertos.o(i.MX_FREERTOS_Init) refers to freertos.o(.data) for .data
    freertos.o(i.MX_FREERTOS_Init) refers to freertos.o(i.MyTask) for MyTask
    freertos.o(i.StartDefaultTask) refers to dri_oled.o(i.OLED_Init) for OLED_Init
    freertos.o(i.StartDefaultTask) refers to oled_ui.o(i.OLED_UI_Init) for OLED_UI_Init
    freertos.o(i.StartDefaultTask) refers to oled_ui.o(i.OLED_UI_MainLoop) for OLED_UI_MainLoop
[...]
    _sys_exit                                0x08001585   Thumb Code     8  sys_exit.o(.text)
    __I$use$semihosting                      0x08001591   Thumb Code     0  use_no_semi.o(.text)
    __use_no_semihosting_swi                 0x08001591   Thumb Code     2  use_no_semi.o(.text)
    __semihosting_library_function           0x08001593   Thumb Code     0  indicate_semi.o(.text)
    _btod_d2e                                0x08001593   Thumb Code    62  btod.o(CL$$btod_d2e)
    _d2e_denorm_low                          0x080015d1   Thumb Code    70  btod.o(CL$$btod_d2e_denorm_low)
    _d2e_norm_op1                            0x08001617   Thumb Code    96  btod.o(CL$$btod_d2e_norm_op1)
    __btod_div_common                        0x08001677   Thumb Code   696  btod.o(CL$$btod_div_common)
    _e2e                                     0x080019af   Thumb Code   198  btod.o(CL$$btod_e2e)
    _btod_ediv                               0x08001a75   Thumb Code    40  btod.o(CL$$btod_ediv)
    _btod_emul                               0x08001a9d   Thumb Code    40  btod.o(CL$$btod_emul)
    __btod_mult_common                       0x08001ac5   Thumb Code   580  btod.o(CL$$btod_mult_common)
    AboutOLED_UIAuxFunc                      0x08001d09   Thumb Code   140  oled_ui_menudata.o(i.AboutOLED_UIAuxFunc)
    AboutThisDeviceAuxFunc                   0x08001dad   Thumb Code   140  oled_ui_menudata.o(i.AboutThisDeviceAuxFunc)
    BackEventMenuItem                        0x08001e51   Thumb Code    18  oled_ui.o(i.BackEventMenuItem)
    BrightnessWindow                         0x08001e69   Thumb Code     6  oled_ui_menudata.o(i.BrightnessWindow)
    BusFault_Handler                         0x08001e75   Thumb Code     2  stm32f1xx_it.o(i.BusFault_Handler)
    CalcStringWidth                          0x08001e77   Thumb Code    62  oled_ui.o(i.CalcStringWidth)
    ChangeArea                               0x08001eb5   Thumb Code   118  oled_ui.o(i.ChangeArea)
    ChangeDistance                           0x08001f2b   Thumb Code    24  oled_ui.o(i.ChangeDistance)
    ChangeFloatNum                           0x08001f45   Thumb Code   344  oled_ui.o(i.ChangeFloatNum)
    ChangePoint                              0x080020b5   Thumb Code    62  oled_ui.o(i.ChangePoint)
    CurrentMenuPageBackUp                    0x080020f5   Thumb Code   146  oled_ui.o(i.CurrentMenuPageBackUp)
    CurrentMenuPageInit                      0x08002191   Thumb Code   210  oled_ui.o(i.CurrentMenuPageInit)
    DMA1_Channel5_IRQHandler                 0x08002279   Thumb Code     6  stm32f1xx_it.o(i.DMA1_Channel5_IRQHandler)
    DebugMon_Handler                         0x080022af   Thumb Code     2  stm32f1xx_it.o(i.DebugMon_Handler)
    DrawLinePermix                           0x080022b1   Thumb Code   178  oled_ui.o(i.DrawLinePermix)
    EmptyWindow                              0x08002381   Thumb Code     6  oled_ui_menudata.o(i.EmptyWindow)
    Encoder_Disable                          0x0800238d   Thumb Code     2  oled_ui_driver.o(i.Encoder_Disable)
    Encoder_Enable                           0x0800238f   Thumb Code     2  oled_ui_driver.o(i.Encoder_Enable)
    Encoder_Get                              0x08002391   Thumb Code     4  oled_ui_driver.o(i.Encoder_Get)
    Encoder_Init                             0x08002395   Thumb Code     2  oled_ui_driver.o(i.Encoder_Init)
    EnterEventMenuItem                       0x08002399   Thumb Code    86  oled_ui.o(i.EnterEventMenuItem)
    Error_Handler                            0x080023f5   Thumb Code     4  main.o(i.Error_Handler)
    GetCurrentMenuPageMaxSlotNum             0x080023f9   Thumb Code    78  oled_ui.o(i.GetCurrentMenuPageMaxSlotNum)
    GetEnterFlag                             0x08002451   Thumb Code    14  oled_ui.o(i.GetEnterFlag)
    GetFPS                                   0x08002465   Thumb Code    28  oled_ui.o(i.GetFPS)
    GetFadeoutFlag                           0x08002485   Thumb Code    14  oled_ui.o(i.GetFadeoutFlag)
    GetMenuItemNum                           0x08002499   Thumb Code    24  oled_ui.o(i.GetMenuItemNum)
    GetOLED_Font                             0x080024b1   Thumb Code    46  oled_ui.o(i.GetOLED_Font)
    GetWindowDataStyle                       0x080024e1   Thumb Code    26  oled_ui.o(i.GetWindowDataStyle)
    HAL_DMA_Abort_IT                         0x08002501   Thumb Code   148  stm32f1xx_hal_dma.o(i.HAL_DMA_Abort_IT)
    HAL_DMA_IRQHandler                       0x08002599   Thumb Code   316  stm32f1xx_hal_dma.o(i.HAL_DMA_IRQHandler)
    HAL_DMA_Init                             0x080026ed   Thumb Code    84  stm32f1xx_hal_dma.o(i.HAL_DMA_Init)
    HAL_DMA_Start_IT                         0x08002749   Thumb Code   112  stm32f1xx_hal_dma.o(i.HAL_DMA_Start_IT)
    HAL_Delay                                0x080027b9   Thumb Code    32  stm32f1xx_hal.o(i.HAL_Delay)
    HAL_GPIO_Init                            0x080027dd   Thumb Code   446  stm32f1xx_hal_gpio.o(i.HAL_GPIO_Init)
    HAL_GPIO_ReadPin                         0x080029bd   Thumb Code    10  stm32f1xx_hal_gpio.o(i.HAL_GPIO_ReadPin)
    HAL_GPIO_WritePin                        0x080029c7   Thumb Code    10  stm32f1xx_hal_gpio.o(i.HAL_GPIO_WritePin)
    HAL_GetTick                              0x080029d1   Thumb Code     6  stm32f1xx_hal.o(i.HAL_GetTick)
    HAL_I2C_Init                             0x080029dd   Thumb Code   376  stm32f1xx_hal_i2c.o(i.HAL_I2C_Init)
    HAL_I2C_MspInit                          0x08002b65   Thumb Code    80  i2c.o(i.HAL_I2C_MspInit)
    HAL_IncTick                              0x08002bc1   Thumb Code    12  stm32f1xx_hal.o(i.HAL_IncTick)
    HAL_Init                                 0x08002bd1   Thumb Code    32  stm32f1xx_hal.o(i.HAL_Init)
    HAL_InitTick                             0x08002bf5   Thumb Code   132  stm32f1xx_hal_timebase_tim.o(i.HAL_InitTick)
    HAL_MspInit                              0x08002c8d   Thumb Code    62  stm32f1xx_hal_msp.o(i.HAL_MspInit)
    HAL_NVIC_EnableIRQ                       0x08002cd5   Thumb Code    26  stm32f1xx_hal_cortex.o(i.HAL_NVIC_EnableIRQ)
    HAL_NVIC_SetPriority                     0x08002cf1   Thumb Code    60  stm32f1xx_hal_cortex.o(i.HAL_NVIC_SetPriority)
    HAL_NVIC_SetPriorityGrouping             0x08002d31   Thumb Code    26  stm32f1xx_hal_cortex.o(i.HAL_NVIC_SetPriorityGrouping)
    HAL_RCC_ClockConfig                      0x08002d55   Thumb Code   280  stm32f1xx_hal_rcc.o(i.HAL_RCC_ClockConfig)
    HAL_RCC_GetClockConfig                   0x08002e81   Thumb Code    54  stm32f1xx_hal_rcc.o(i.HAL_RCC_GetClockConfig)
    HAL_RCC_GetPCLK1Freq                     0x08002ec1   Thumb Code    20  stm32f1xx_hal_rcc.o(i.HAL_RCC_GetPCLK1Freq)
    HAL_RCC_GetSysClockFreq                  0x08002ee1   Thumb Code    58  stm32f1xx_hal_rcc.o(i.HAL_RCC_GetSysClockFreq)
    HAL_RCC_OscConfig                        0x08002f2d   Thumb Code   778  stm32f1xx_hal_rcc.o(i.HAL_RCC_OscConfig)
    HAL_SPI_ErrorCallback                    0x0800324d   Thumb Code     2  stm32f1xx_hal_spi.o(i.HAL_SPI_ErrorCallback)
    HAL_SPI_IRQHandler                       0x08003251   Thumb Code   220  stm32f1xx_hal_spi.o(i.HAL_SPI_IRQHandler)
    HAL_SPI_Init                             0x08003331   Thumb Code   178  stm32f1xx_hal_spi.o(i.HAL_SPI_Init)
    HAL_SPI_MspInit                          0x080033e5   Thumb Code   142  spi.o(i.HAL_SPI_MspInit)
    HAL_SPI_Transmit                         0x08003489   Thumb Code   358  stm32f1xx_hal_spi.o(i.HAL_SPI_Transmit)
    HAL_SPI_Transmit_DMA                     0x080035f1   Thumb Code   190  stm32f1xx_hal_spi.o(i.HAL_SPI_Transmit_DMA)
    HAL_SPI_TxCpltCallback                   0x080036bd   Thumb Code   124  dri_oled.o(i.HAL_SPI_TxCpltCallback)
    HAL_SPI_TxHalfCpltCallback               0x08003751   Thumb Code     2  stm32f1xx_hal_spi.o(i.HAL_SPI_TxHalfCpltCallback)
    HAL_TIMEx_BreakCallback                  0x08003753   Thumb Code     2  stm32f1xx_hal_tim_ex.o(i.HAL_TIMEx_BreakCallback)
    HAL_TIMEx_CommutCallback                 0x08003755   Thumb Code     2  stm32f1xx_hal_tim_ex.o(i.HAL_TIMEx_CommutCallback)
    HAL_TIMEx_MasterConfigSynchronization    0x08003759   Thumb Code    92  stm32f1xx_hal_tim_ex.o(i.HAL_TIMEx_MasterConfigSynchronization)
    HAL_TIM_Base_Init                        0x080037c1   Thumb Code    90  stm32f1xx_hal_tim.o(i.HAL_TIM_Base_Init)
    HAL_TIM_Base_MspInit                     0x0800381d   Thumb Code    50  tim.o(i.HAL_TIM_Base_MspInit)
    HAL_TIM_Base_Start_IT                    0x08003859   Thumb Code    76  stm32f1xx_hal_tim.o(i.HAL_TIM_Base_Start_IT)
    HAL_TIM_ConfigClockSource                0x080038b1   Thumb Code   220  stm32f1xx_hal_tim.o(i.HAL_TIM_ConfigClockSource)
    HAL_TIM_Encoder_Init                     0x0800398d   Thumb Code   164  stm32f1xx_hal_tim.o(i.HAL_TIM_Encoder_Init)
    HAL_TIM_Encoder_MspInit                  0x08003a31   Thumb Code    72  tim.o(i.HAL_TIM_Encoder_MspInit)
    HAL_TIM_IC_CaptureCallback               0x08003a81   Thumb Code     2  stm32f1xx_hal_tim.o(i.HAL_TIM_IC_CaptureCallback)
    HAL_TIM_IRQHandler                       0x08003a83   Thumb Code   304  stm32f1xx_hal_tim.o(i.HAL_TIM_IRQHandler)
    HAL_TIM_OC_DelayElapsedCallback          0x08003bb3   Thumb Code     2  stm32f1xx_hal_tim.o(i.HAL_TIM_OC_DelayElapsedCallback)
    HAL_TIM_PWM_PulseFinishedCallback        0x08003bb5   Thumb Code     2  stm32f1xx_hal_tim.o(i.HAL_TIM_PWM_PulseFinishedCallback)
    HAL_TIM_PeriodElapsedCallback            0x08003bb9   Thumb Code    50  main.o(i.HAL_TIM_PeriodElapsedCallback)
    HAL_TIM_TriggerCallback                  0x08003bf9   Thumb Code     2  stm32f1xx_hal_tim.o(i.HAL_TIM_TriggerCallback)
    HardFault_Handler                        0x08003bfb   Thumb Code     2  stm32f1xx_it.o(i.HardFault_Handler)
    Key_Init                                 0x08003bfd   Thumb Code     2  oled_ui_driver.o(i.Key_Init)
    MX_DMA_Init                              0x08003c01   Thumb Code    40  dma.o(i.MX_DMA_Init)
    MX_GPIO_Init                             0x08003c2d   Thumb Code   152  gpio.o(i.MX_GPIO_Init)
    MX_I2C1_Init                             0x08003cd1   Thumb Code    50  i2c.o(i.MX_I2C1_Init)
    MX_SPI2_Init                             0x08003d11   Thumb Code    60  spi.o(i.MX_SPI2_Init)
    MX_TIM1_Init                             0x08003d55   Thumb Code    96  tim.o(i.MX_TIM1_Init)
    MX_TIM2_Init                             0x08003dbd   Thumb Code    98  tim.o(i.MX_TIM2_Init)
    MainAuxFunc                              0x08003e25   Thumb Code    42  oled_ui_menudata.o(i.MainAuxFunc)
    MemManage_Handler                        0x08003e5d   Thumb Code     2  stm32f1xx_it.o(i.MemManage_Handler)
    MenuItemsMoveDown                        0x08003e61   Thumb Code    36  oled_ui.o(i.MenuItemsMoveDown)
    MenuItemsMoveLeft                        0x08003e8d   Thumb Code    36  oled_ui.o(i.MenuItemsMoveLeft)
    MenuItemsMoveRight                       0x08003eb9   Thumb Code    36  oled_ui.o(i.MenuItemsMoveRight)
    MenuItemsMoveUp                          0x08003ee5   Thumb Code    36  oled_ui.o(i.MenuItemsMoveUp)
    MoveMenuElements                         0x08003f11   Thumb Code   148  oled_ui.o(i.MoveMenuElements)
    NMI_Handler                              0x08003fb1   Thumb Code     2  stm32f1xx_it.o(i.NMI_Handler)
    OLED_Brightness                          0x08003fb3   Thumb Code    38  dri_oled.o(i.OLED_Brightness)
    OLED_Clear                               0x08003fd9   Thumb Code    46  dri_oled.o(i.OLED_Clear)
    OLED_ClearArea                           0x0800400d   Thumb Code   122  dri_oled.o(i.OLED_ClearArea)
    OLED_Color_Turn                          0x0800408d   Thumb Code    16  dri_oled.o(i.OLED_Color_Turn)
    OLED_Display_Turn                        0x0800409d   Thumb Code    44  dri_oled.o(i.OLED_Display_Turn)
    OLED_DrawArc                             0x080040c9   Thumb Code   600  dri_oled.o(i.OLED_DrawArc)
    OLED_DrawLine                            0x08004321   Thumb Code   234  dri_oled.o(i.OLED_DrawLine)
    OLED_DrawPoint                           0x0800440d   Thumb Code    52  dri_oled.o(i.OLED_DrawPoint)
    OLED_DrawRectangle                       0x08004445   Thumb Code   256  dri_oled.o(i.OLED_DrawRectangle)
    OLED_DrawRoundedRectangle                0x08004549   Thumb Code   292  dri_oled.o(i.OLED_DrawRoundedRectangle)
    OLED_DrawWindow                          0x0800466d   Thumb Code  1528  oled_ui.o(i.OLED_DrawWindow)
    OLED_Init                                0x08004c69   Thumb Code   298  dri_oled.o(i.OLED_Init)
    OLED_IsInAngle                           0x08004d99   Thumb Code    82  dri_oled.o(i.OLED_IsInAngle)
    OLED_KeyAndEncoderRecord                 0x08004df9   Thumb Code   300  oled_ui.o(i.OLED_KeyAndEncoderRecord)
    OLED_Printf                              0x08004f2d   Thumb Code    42  dri_oled.o(i.OLED_Printf)
    OLED_PrintfMixArea                       0x08004f57   Thumb Code    62  dri_oled.o(i.OLED_PrintfMixArea)
    OLED_Refresh                             0x08004f95   Thumb Code    60  dri_oled.o(i.OLED_Refresh)
    OLED_ReverseArea                         0x08004fe5   Thumb Code   122  dri_oled.o(i.OLED_ReverseArea)
    OLED_Send_Byte                           0x08005065   Thumb Code    82  dri_oled.o(i.OLED_Send_Byte)
    OLED_SetColorMode                        0x080050c5   Thumb Code    26  dri_oled.o(i.OLED_SetColorMode)
    OLED_Set_Pos                             0x080050e5   Thumb Code    22  dri_oled.o(i.OLED_Set_Pos)
    OLED_ShowChar                            0x08005101   Thumb Code   104  dri_oled.o(i.OLED_ShowChar)
    OLED_ShowCharArea                        0x08005179   Thumb Code   128  dri_oled.o(i.OLED_ShowCharArea)
    OLED_ShowChineseArea                     0x08005209   Thumb Code   468  dri_oled.o(i.OLED_ShowChineseArea)
    OLED_ShowImage                           0x080053f1   Thumb Code   328  dri_oled.o(i.OLED_ShowImage)
    OLED_ShowImageArea                       0x0800553d   Thumb Code   300  dri_oled.o(i.OLED_ShowImageArea)
    OLED_ShowMixStringArea                   0x0800566d   Thumb Code   118  dri_oled.o(i.OLED_ShowMixStringArea)
    OLED_ShowString                          0x080056e3   Thumb Code    44  dri_oled.o(i.OLED_ShowString)
    OLED_UI_Back                             0x0800570f   Thumb Code     4  oled_ui.o(i.OLED_UI_Back)
    OLED_UI_CreateWindow                     0x08005715   Thumb Code    92  oled_ui.o(i.OLED_UI_CreateWindow)
    OLED_UI_FadeOut_Masking                  0x08005779   Thumb Code   206  oled_ui.o(i.OLED_UI_FadeOut_Masking)
    OLED_UI_Init                             0x08005851   Thumb Code    38  oled_ui.o(i.OLED_UI_Init)
    OLED_UI_InterruptHandler                 0x08005881   Thumb Code   594  oled_ui.o(i.OLED_UI_InterruptHandler)
    OLED_UI_MainLoop                         0x08005add   Thumb Code    32  oled_ui.o(i.OLED_UI_MainLoop)
    OLED_UI_ShowFPS                          0x08005afd   Thumb Code    40  oled_ui.o(i.OLED_UI_ShowFPS)
    PrintMenuElements                        0x08005b2d   Thumb Code  2132  oled_ui.o(i.PrintMenuElements)
    ReverseCoordinate                        0x08006381   Thumb Code   276  oled_ui.o(i.ReverseCoordinate)
    RunCurrentCallBackFunction               0x08006499   Thumb Code    48  oled_ui.o(i.RunCurrentCallBackFunction)
    RunFadeOut                               0x080064cd   Thumb Code   400  oled_ui.o(i.RunFadeOut)
    SPI2_IRQHandler                          0x08006669   Thumb Code     6  stm32f1xx_it.o(i.SPI2_IRQHandler)
    SetCursorZero                            0x08006801   Thumb Code    22  oled_ui.o(i.SetCursorZero)
    SetEnterFlag                             0x0800681d   Thumb Code    10  oled_ui.o(i.SetEnterFlag)
    SetFadeOutFlag                           0x0800682d   Thumb Code     8  oled_ui.o(i.SetFadeOutFlag)
    SetLineSplitZero                         0x08006839   Thumb Code    44  oled_ui.o(i.SetLineSplitZero)
    SetTargetCursor                          0x08006869   Thumb Code   550  oled_ui.o(i.SetTargetCursor)
    SetTargetMenuFrame                       0x08006aa9   Thumb Code    24  oled_ui.o(i.SetTargetMenuFrame)
    SetTargetProbWidth                       0x08006ac9   Thumb Code   144  oled_ui.o(i.SetTargetProbWidth)
    SetTargetScrollBarHeight                 0x08006b61   Thumb Code    88  oled_ui.o(i.SetTargetScrollBarHeight)
    SettingAuxFunc                           0x08006bc1   Thumb Code   200  oled_ui_menudata.o(i.SettingAuxFunc)
    ShowFloatDataWindow                      0x08006ca1   Thumb Code     6  oled_ui_menudata.o(i.ShowFloatDataWindow)
    ShowIntDataWindow                        0x08006cad   Thumb Code     6  oled_ui_menudata.o(i.ShowIntDataWindow)
    ShowTextWindow                           0x08006cb9   Thumb Code     6  oled_ui_menudata.o(i.ShowTextWindow)
    SysTick_Handler                          0x08006cc5   Thumb Code    26  cmsis_os2.o(i.SysTick_Handler)
    SystemClock_Config                       0x08006cdf   Thumb Code    94  main.o(i.SystemClock_Config)
    SystemInit                               0x08006d3d   Thumb Code     2  system_stm32f1xx.o(i.SystemInit)
    TIM1_UP_IRQHandler                       0x08006d41   Thumb Code     6  stm32f1xx_it.o(i.TIM1_UP_IRQHandler)
    TIM4_IRQHandler                          0x08006d4d   Thumb Code     6  stm32f1xx_it.o(i.TIM4_IRQHandler)
    TIM_Base_SetConfig                       0x08006d59   Thumb Code   108  stm32f1xx_hal_tim.o(i.TIM_Base_SetConfig)
    TIM_ETR_SetConfig                        0x08006dd1   Thumb Code    20  stm32f1xx_hal_tim.o(i.TIM_ETR_SetConfig)
    Timer_Init                               0x08006e3b   Thumb Code     2  oled_ui_driver.o(i.Timer_Init)
    UsageFault_Handler                       0x08006e3d   Thumb Code     2  stm32f1xx_it.o(i.UsageFault_Handler)
    __ARM_fpclassify                         0x08006e3f   Thumb Code    40  fpclassify.o(i.__ARM_fpclassify)
    __kernel_poly                            0x08006e87   Thumb Code   170  poly.o(i.__kernel_poly)
    __mathlib_dbl_infnan                     0x08006f31   Thumb Code     6  dunder.o(i.__mathlib_dbl_infnan)
    __mathlib_dbl_infnan2                    0x08006f37   Thumb Code     4  dunder.o(i.__mathlib_dbl_infnan2)
    __mathlib_dbl_underflow                  0x08006f3d   Thumb Code    10  dunder.o(i.__mathlib_dbl_underflow)
    _is_digit                                0x08006f4d   Thumb Code    14  __printf_wp.o(i._is_digit)
    atan                                     0x08006f5d   Thumb Code   474  atan.o(i.atan)
    atan2                                    0x0800717d   Thumb Code   346  atan2.o(i.atan2)
    ceil                                     0x080072fd   Thumb Code   204  ceil.o(i.ceil)
    fmin                                     0x080073d9   Thumb Code    66  fmin.o(i.fmin)
    main                                     0x0800741d   Thumb Code    66  main.o(i.main)
    uxListRemove                             0x08007489   Thumb Code    38  list.o(i.uxListRemove)
    vListInsertEnd                           0x080074af   Thumb Code    24  list.o(i.vListInsertEnd)
    vTaskSwitchContext                       0x080074c9   Thumb Code    90  tasks.o(i.vTaskSwitchContext)
    xPortSysTickHandler                      0x0800752d   Thumb Code    38  port.o(i.xPortSysTickHandler)
    xTaskGetSchedulerState                   0x08007559   Thumb Code    22  tasks.o(i.xTaskGetSchedulerState)
    xTaskIncrementTick                       0x08007575   Thumb Code   192  tasks.o(i.xTaskIncrementTick)
    _get_lc_numeric                          0x0800763d   Thumb Code    44  lc_numeric_c.o(locale$$code)
    _get_lc_ctype                            0x08007669   Thumb Code    44  lc_ctype_c.o(locale$$code)
    __aeabi_d2f                              0x08007695   Thumb Code     0  d2f.o(x$fpl$d2f)
    _d2f                                     0x08007695   Thumb Code    98  d2f.o(x$fpl$d2f)
    __aeabi_dadd                             0x080076f9   Thumb Code     0  daddsub_clz.o(x$fpl$dadd)
    _dadd                                    0x080076f9   Thumb Code   332  daddsub_clz.o(x$fpl$dadd)
    __fpl_dcheck_NaN1                        0x08007849   Thumb Code    10  dcheck1.o(x$fpl$dcheck1)
    __dcmp4                                  0x08007859   Thumb Code    98  dcmp4.o(x$fpl$dcmp4)
    __ARM_dcmp4                              0x080078bb   Thumb Code     0  dcmp4.o(x$fpl$dcmp4)
    _dcmp4                                   0x080078bb   Thumb Code    60  dcmp4.o(x$fpl$dcmp4)
    __dcmp4e                                 0x080078f7   Thumb Code    98  dcmp4.o(x$fpl$dcmp4)
    __ARM_dcmp4e                             0x08007959   Thumb Code     0  dcmp4.o(x$fpl$dcmp4)
    _dcmp4e                                  0x08007959   Thumb Code    54  dcmp4.o(x$fpl$dcmp4)
    __fpl_dcmp_Inf                           0x0800798f   Thumb Code    24  dcmpi.o(x$fpl$dcmpinf)
    __aeabi_ddiv                             0x080079a9   Thumb Code     0  ddiv.o(x$fpl$ddiv)
    _ddiv                                    0x080079a9   Thumb Code   552  ddiv.o(x$fpl$ddiv)
    __aeabi_d2iz                             0x08007c59   Thumb Code     0  dfix.o(x$fpl$dfix)
    _dfix                                    0x08007c59   Thumb Code    94  dfix.o(x$fpl$dfix)
    __aeabi_i2d                              0x08007cb7   Thumb Code     0  dflt_clz.o(x$fpl$dflt)
    _dflt                                    0x08007cb7   Thumb Code    46  dflt_clz.o(x$fpl$dflt)
    __aeabi_cdcmple                          0x08007ce5   Thumb Code     0  dleqf.o(x$fpl$dleqf)
    _dcmple                                  0x08007ce5   Thumb Code   120  dleqf.o(x$fpl$dleqf)
    __fpl_dcmple_InfNaN                      0x08007d47   Thumb Code     0  dleqf.o(x$fpl$dleqf)
    __aeabi_dmul                             0x08007d5d   Thumb Code     0  dmul.o(x$fpl$dmul)
    _dmul                                    0x08007d5d   Thumb Code   332  dmul.o(x$fpl$dmul)
    __fpl_dnaninf                            0x08007eb1   Thumb Code   156  dnaninf.o(x$fpl$dnaninf)
    __fpl_dretinf                            0x08007f4d   Thumb Code    12  dretinf.o(x$fpl$dretinf)
    __aeabi_cdrcmple                         0x08007f59   Thumb Code     0  drleqf.o(x$fpl$drleqf)
    _drcmple                                 0x08007f59   Thumb Code   108  drleqf.o(x$fpl$drleqf)
    __aeabi_drsub                            0x08007fc5   Thumb Code     0  daddsub_clz.o(x$fpl$drsb)
    _drsb                                    0x08007fc5   Thumb Code    22  daddsub_clz.o(x$fpl$drsb)
    __aeabi_dsub                             0x08007fdd   Thumb Code     0  daddsub_clz.o(x$fpl$dsub)
    _dsub                                    0x08007fdd   Thumb Code   464  daddsub_clz.o(x$fpl$dsub)
    __aeabi_f2d                              0x080081b1   Thumb Code     0  f2d.o(x$fpl$f2d)
    _f2d                                     0x080081b1   Thumb Code    86  f2d.o(x$fpl$f2d)
    __aeabi_fadd                             0x08008209   Thumb Code     0  faddsub_clz.o(x$fpl$fadd)
    _fadd                                    0x08008209   Thumb Code   196  faddsub_clz.o(x$fpl$fadd)
    __fpl_fcmp_Inf                           0x080082cd   Thumb Code    24  fcmpi.o(x$fpl$fcmpinf)
    __aeabi_fdiv                             0x080082e5   Thumb Code     0  fdiv.o(x$fpl$fdiv)
    _fdiv                                    0x080082e5   Thumb Code   384  fdiv.o(x$fpl$fdiv)
    __aeabi_cfcmpeq                          0x08008469   Thumb Code     0  feqf.o(x$fpl$feqf)
    _fcmpeq                                  0x08008469   Thumb Code   104  feqf.o(x$fpl$feqf)
    __aeabi_f2iz                             0x080084d1   Thumb Code     0  ffix.o(x$fpl$ffix)
    _ffix                                    0x080084d1   Thumb Code    54  ffix.o(x$fpl$ffix)
    __aeabi_i2f                              0x08008509   Thumb Code     0  fflt_clz.o(x$fpl$fflt)
    _fflt                                    0x08008509   Thumb Code    48  fflt_clz.o(x$fpl$fflt)
    __aeabi_cfcmple                          0x08008539   Thumb Code     0  fleqf.o(x$fpl$fleqf)
    _fcmple                                  0x08008539   Thumb Code   104  fleqf.o(x$fpl$fleqf)
    __fpl_fcmple_InfNaN                      0x0800858b   Thumb Code     0  fleqf.o(x$fpl$fleqf)
    __aeabi_fmul                             0x080085a1   Thumb Code     0  fmul.o(x$fpl$fmul)
    _fmul                                    0x080085a1   Thumb Code   258  fmul.o(x$fpl$fmul)
    __fpl_fnaninf                            0x080086a3   Thumb Code   140  fnaninf.o(x$fpl$fnaninf)
    __fpl_fretinf                            0x0800872f   Thumb Code    10  fretinf.o(x$fpl$fretinf)
    __aeabi_cfrcmple                         0x08008739   Thumb Code     0  frleqf.o(x$fpl$frleqf)
    _frcmple                                 0x08008739   Thumb Code    98  frleqf.o(x$fpl$frleqf)
    __aeabi_frsub                            0x0800879b   Thumb Code     0  faddsub_clz.o(x$fpl$frsb)
    _frsb                                    0x0800879b   Thumb Code    20  faddsub_clz.o(x$fpl$frsb)
    __aeabi_fsub                             0x080087b1   Thumb Code     0  faddsub_clz.o(x$fpl$fsub)
    _fsub                                    0x080087b1   Thumb Code   234  faddsub_clz.o(x$fpl$fsub)
    _printf_fp_dec                           0x0800889b   Thumb Code     4  printf1.o(x$fpl$printf1)
    _printf_fp_hex                           0x0800889f   Thumb Code     4  printf2.o(x$fpl$printf2)
    __fpl_return_NaN                         0x080088a3   Thumb Code   100  retnan.o(x$fpl$retnan)
    __ARM_scalbn                             0x08008907   Thumb Code    92  scalbn.o(x$fpl$scalbn)
    __fpl_cmpreturn                          0x08008963   Thumb Code    48  trapv.o(x$fpl$trapveneer)
    __I$use$fp                               0x08008992   Number         0  usenofp.o(x$fpl$usenofp)
    AHBPrescTable                            0x080089a4   Data          16  system_stm32f1xx.o(.constdata)
    APBPrescTable                            0x080089b4   Data           8  system_stm32f1xx.o(.constdata)
    OLED_F10x20                              0x080089bc   Data        2850  dri_oled_font.o(.constdata)
    OLED_F8x16                               0x080094de   Data        1520  dri_oled_font.o(.constdata)
    OLED_F7x12                               0x08009ace   Data        1330  dri_oled_font.o(.constdata)
    OLED_F6x8                                0x0800a000   Data         570  dri_oled_font.o(.constdata)
    OLED_CF20x20                             0x0800a23a   Data        3276  dri_oled_font.o(.constdata)
    OLED_CF16x16                             0x0800af06   Data        3220  dri_oled_font.o(.constdata)
    OLED_CF12x12                             0x0800bb9a   Data        2754  dri_oled_font.o(.constdata)
    OLED_CF8x8                               0x0800c65c   Data         594  dri_oled_font.o(.constdata)
    Arrow                                    0x0800c8ae   Data           6  dri_oled_font.o(.constdata)
    UnKnown                                  0x0800c8b4   Data         656  dri_oled_font.o(.constdata)
    Image_setings                            0x0800cb44   Data         128  dri_oled_font.o(.constdata)
    Image_wechat                             0x0800cbc4   Data         128  dri_oled_font.o(.constdata)
    Image_alipay                             0x0800cc44   Data         128  dri_oled_font.o(.constdata)
    Image_more                               0x0800ccc4   Data         128  dri_oled_font.o(.constdata)
    Image_calc                               0x0800cd44   Data         128  dri_oled_font.o(.constdata)
    Image_night                              0x0800cdc4   Data         128  dri_oled_font.o(.constdata)
    OLED_UI_LOGOGithub                       0x0800ce44   Data         128  dri_oled_font.o(.constdata)
    OLED_UI_LOGOTEXT64                       0x0800cec4   Data         208  dri_oled_font.o(.constdata)
    OLED_UI_SettingsLogo                     0x0800cf94   Data         256  dri_oled_font.o(.constdata)
    __mathlib_zero                           0x0800d188   Data           8  qnan.o(.constdata)
    Region$$Table$$Base                      0x0800d64c   Number         0  anon$$obj.o(Region$$Table)
    Region$$Table$$Limit                     0x0800d66c   Number         0  anon$$obj.o(Region$$Table)
    __ctype                                  0x0800d695   Data           0  lc_ctype_c.o(locale$$data)
    fps_timer                                0x20000000   Data           4  main.o(.data)
    uwTickFreq                               0x20000004   Data           1  stm32f1xx_hal.o(.data)
    uwTickPrio                               0x20000008   Data           4  stm32f1xx_hal.o(.data)
    uwTick                                   0x2000000c   Data           4  stm32f1xx_hal.o(.data)
    SystemCoreClock                          0x20000010   Data           4  system_stm32f1xx.o(.data)
    pxCurrentTCB                             0x20000014   Data           4  tasks.o(.data)
    OLED_IfUpdate                            0x20000050   Data           1  dri_oled.o(.data)
    OLED_ColorMode                           0x20000051   Data           1  dri_oled.o(.data)
    OLED_Update_Flag                         0x20000052   Data           1  dri_oled.o(.data)
    OLED_cmd_Buf_Count                       0x20000053   Data           1  dri_oled.o(.data)
    OLED_cmd_dat                             0x20000054   Data           1  dri_oled.o(.data)
    yaw                                      0x20000058   Data           4  dri_oled.o(.data)
    pitch                                    0x2000005c   Data           4  dri_oled.o(.data)
    roll                                     0x20000060   Data           4  dri_oled.o(.data)
    yaw_v                                    0x20000064   Data           4  dri_oled.o(.data)
    pitch_v                                  0x20000068   Data           4  dri_oled.o(.data)
    roll_v                                   0x2000006c   Data           4  dri_oled.o(.data)
    KeyEnterFlag                             0x20000070   Data           1  oled_ui.o(.data)
    FadeOutFlag                              0x20000071   Data           1  oled_ui.o(.data)
    ColorMode                                0x20000072   Data           1  oled_ui.o(.data)
    OLED_UI_ShowFps                          0x20000073   Data           1  oled_ui.o(.data)
    OLED_UI_Brightness                       0x20000078   Data           2  oled_ui.o(.data)
    OLED_UI_Key                              0x2000008a   Data           4  oled_ui.o(.data)
    OLED_UI_LastKey                          0x2000008e   Data           4  oled_ui.o(.data)
    CurrentMenuPage                          0x20000094   Data           4  oled_ui.o(.data)
    CurrentWindow                            0x20000098   Data           4  oled_ui.o(.data)
    OLED_SustainCounter                      0x2000009c   Data           4  oled_ui.o(.data)
    tmpi                                     0x200000a0   Data           4  oled_ui.o(.data)
    OLED_FPS                                 0x200000a8   Data           6  oled_ui.o(.data)
    OLED_UI_Volume                           0x200000ae   Data           2  oled_ui.o(.data)
    testfloatnum                             0x200000b0   Data           4  oled_ui_menudata.o(.data)
    testintnum                               0x200000b4   Data           2  oled_ui_menudata.o(.data)
    SetBrightnessWindow                      0x200000b8   Data          56  oled_ui_menudata.o(.data)
    YawFloatDataWindow                       0x200000f0   Data          56  oled_ui_menudata.o(.data)
    PitchFloatDataWindow                     0x20000128   Data          56  oled_ui_menudata.o(.data)
    RollFloatDataWindow                      0x20000160   Data          56  oled_ui_menudata.o(.data)
    NullWindow                               0x20000198   Data          56  oled_ui_menudata.o(.data)
    TextWindow                               0x200001d0   Data          56  oled_ui_menudata.o(.data)
    FloatDataWindow                          0x20000208   Data          56  oled_ui_menudata.o(.data)
    IntDataWindow                            0x20000240   Data          56  oled_ui_menudata.o(.data)
    MainMenuItems                            0x20000278   Data         280  oled_ui_menudata.o(.data)
    SettingsMenuItems                        0x20000390   Data         320  oled_ui_menudata.o(.data)
    AboutThisDeviceMenuItems                 0x200004d0   Data         400  oled_ui_menudata.o(.data)
    AboutOLED_UIMenuItems                    0x20000660   Data         320  oled_ui_menudata.o(.data)
    MoreMenuItems                            0x200007a0   Data         560  oled_ui_menudata.o(.data)
    Font8MenuItems                           0x200009d0   Data         320  oled_ui_menudata.o(.data)
    Font12MenuItems                          0x20000b10   Data         320  oled_ui_menudata.o(.data)
    Font16MenuItems                          0x20000c50   Data         320  oled_ui_menudata.o(.data)
    Font20MenuItems                          0x20000d90   Data         560  oled_ui_menudata.o(.data)
    LongMenuItems                            0x20000fc0   Data         240  oled_ui_menudata.o(.data)
    SpringMenuItems                          0x200010b0   Data         560  oled_ui_menudata.o(.data)
    LongListMenuItems                        0x200012e0   Data         320  oled_ui_menudata.o(.data)
    SmallAreaMenuItems                       0x20001420   Data         560  oled_ui_menudata.o(.data)
    MainMenuPage                             0x20001650   Data          72  oled_ui_menudata.o(.data)
    SettingsMenuPage                         0x20001698   Data          72  oled_ui_menudata.o(.data)
    AboutThisDeviceMenuPage                  0x200016e0   Data          72  oled_ui_menudata.o(.data)
    AboutOLED_UIMenuPage                     0x20001728   Data          72  oled_ui_menudata.o(.data)
    MoreMenuPage                             0x20001770   Data          72  oled_ui_menudata.o(.data)
    Font8MenuPage                            0x200017b8   Data          72  oled_ui_menudata.o(.data)
    Font12MenuPage                           0x20001800   Data          72  oled_ui_menudata.o(.data)
    Font16MenuPage                           0x20001848   Data          72  oled_ui_menudata.o(.data)
    Font20MenuPage                           0x20001890   Data          72  oled_ui_menudata.o(.data)
    LongMenuPage                             0x200018d8   Data          72  oled_ui_menudata.o(.data)
    SpringMenuPage                           0x20001920   Data          72  oled_ui_menudata.o(.data)
    LongListMenuPage                         0x20001968   Data          72  oled_ui_menudata.o(.data)
    SmallAreaMenuPage                        0x200019b0   Data          72  oled_ui_menudata.o(.data)
    hi2c1                                    0x200019f8   Data          84  i2c.o(.bss)
    hspi2                                    0x20001a4c   Data          88  spi.o(.bss)
    hdma_spi2_tx                             0x20001aa4   Data          68  spi.o(.bss)
    htim1                                    0x20001ae8   Data          72  tim.o(.bss)
    htim2                                    0x20001b30   Data          72  tim.o(.bss)
    htim4                                    0x20001b78   Data          72  stm32f1xx_hal_timebase_tim.o(.bss)
    OLED_GRAM_BUF                            0x20002084   Data        1024  dri_oled.o(.bss)
    OLED_CMD_BUF                             0x20002484   Data          32  dri_oled.o(.bss)
    OLED_UI_Cursor                           0x200024a4   Data          96  oled_ui.o(.bss)
    OLED_UI_MenuFrame                        0x20002504   Data          96  oled_ui.o(.bss)
    OLED_UI_Window                           0x20002564   Data          96  oled_ui.o(.bss)
    OLED_UI_ScrollBarHeight                  0x200025c4   Data          24  oled_ui.o(.bss)
    OLED_UI_ProbWidth                        0x200025dc   Data          24  oled_ui.o(.bss)
    OLED_UI_PageStartPoint                   0x200025f4   Data          48  oled_ui.o(.bss)
    OLED_UI_LineStep                         0x20002624   Data          24  oled_ui.o(.bss)
    LogoMove                                 0x2000263c   Data          48  oled_ui_menudata.o(.bss)
    LogoTextMove                             0x2000266c   Data          48  oled_ui_menudata.o(.bss)
    WelcomeTextMove                          0x2000269c   Data          48  oled_ui_menudata.o(.bss)
    __libspace_start                         0x200026cc   Data          96  libspace.o(.bss)
    __temporary_stack_top$libspace           0x2000272c   Data           0  libspace.o(.bss)



==============================================================================

Memory Map of the image

  Image Entry point : 0x080000ed

  Load Region LR_IROM1 (Base: 0x08000000, Size: 0x0000f190, Max: 0x00010000, ABSOLUTE, COMPRESSED[0x0000db2c])

    Execution Region ER_IROM1 (Base: 0x08000000, Size: 0x0000d798, Max: 0x00010000, ABSOLUTE)

    Base Addr    Size         Type   Attr      Idx    E Section Name        Object

    0x08000000   0x000000ec   Data   RO            3    RESET               startup_stm32f103xb.o
    0x080000ec   0x00000008   Code   RO         6238  * !!!main             c_w.l(__main.o)
    0x080000f4   0x00000034   Code   RO         6713    !!!scatter          c_w.l(__scatter.o)
    0x08000128   0x0000005a   Code   RO         6711    !!dczerorl2         c_w.l(__dczerorl2.o)
    0x08000182   0x00000002   PAD
    0x08000184   0x0000001c   Code   RO         6715    !!handler_zi        c_w.l(__scatter_zi.o)
    0x080001a0   0x00000000   Code   RO         6221    .ARM.Collect$$_printf_percent$$00000000  c_w.l(_printf_percent.o)
    0x080001a0   0x00000006   Code   RO         6393    .ARM.Collect$$_printf_percent$$00000001  c_w.l(_printf_n.o)
    0x080001a6   0x00000006   Code   RO         6395    .ARM.Collect$$_printf_percent$$00000002  c_w.l(_printf_p.o)
    0x080001ac   0x00000006   Code   RO         6220    .ARM.Collect$$_printf_percent$$00000003  c_w.l(_printf_f.o)
    0x080001b2   0x00000006   Code   RO         6399    .ARM.Collect$$_printf_percent$$00000004  c_w.l(_printf_e.o)
    0x080001b8   0x00000006   Code   RO         6400    .ARM.Collect$$_printf_percent$$00000005  c_w.l(_printf_g.o)
    0x080001be   0x00000006   Code   RO         6401    .ARM.Collect$$_printf_percent$$00000006  c_w.l(_printf_a.o)
    0x080001c4   0x0000000a   Code   RO         6406    .ARM.Collect$$_printf_percent$$00000007  c_w.l(_printf_ll.o)
    0x080001ce   0x00000006   Code   RO         6397    .ARM.Collect$$_printf_percent$$00000008  c_w.l(_printf_i.o)
    0x080001d4   0x00000006   Code   RO         6219    .ARM.Collect$$_printf_percent$$00000009  c_w.l(_printf_d.o)
    0x080001da   0x00000006   Code   RO         6398    .ARM.Collect$$_printf_percent$$0000000A  c_w.l(_printf_u.o)
    0x080001e0   0x00000006   Code   RO         6396    .ARM.Collect$$_printf_percent$$0000000B  c_w.l(_printf_o.o)
    0x080001e6   0x00000006   Code   RO         6394    .ARM.Collect$$_printf_percent$$0000000C  c_w.l(_printf_x.o)
    0x080001ec   0x00000006   Code   RO         6403    .ARM.Collect$$_printf_percent$$0000000D  c_w.l(_printf_lli.o)
    0x080001f2   0x00000006   Code   RO         6404    .ARM.Collect$$_printf_percent$$0000000E  c_w.l(_printf_lld.o)
    0x080001f8   0x00000006   Code   RO         6405    .ARM.Collect$$_printf_percent$$0000000F  c_w.l(_printf_llu.o)
    0x080001fe   0x00000006   Code   RO         6410    .ARM.Collect$$_printf_percent$$00000010  c_w.l(_printf_llo.o)
    0x08000204   0x00000006   Code   RO         6411    .ARM.Collect$$_printf_percent$$00000011  c_w.l(_printf_llx.o)
    0x0800020a   0x0000000a   Code   RO         6407    .ARM.Collect$$_printf_percent$$00000012  c_w.l(_printf_l.o)
    0x08000214   0x00000006   Code   RO         6391    .ARM.Collect$$_printf_percent$$00000013  c_w.l(_printf_c.o)
    0x0800021a   0x00000006   Code   RO         6392    .ARM.Collect$$_printf_percent$$00000014  c_w.l(_printf_s.o)
    0x08000220   0x00000006   Code   RO         6408    .ARM.Collect$$_printf_percent$$00000015  c_w.l(_printf_lc.o)
    0x08000226   0x00000006   Code   RO         6409    .ARM.Collect$$_printf_percent$$00000016  c_w.l(_printf_ls.o)
    0x0800022c   0x00000004   Code   RO         6402    .ARM.Collect$$_printf_percent$$00000017  c_w.l(_printf_percent_end.o)
    0x08000230   0x00000002   Code   RO         6577    .ARM.Collect$$libinit$$00000000  c_w.l(libinit.o)
    0x08000232   0x00000000   Code   RO         6579    .ARM.Collect$$libinit$$00000002  c_w.l(libinit2.o)
    0x08000232   0x00000000   Code   RO         6581    .ARM.Collect$$libinit$$00000004  c_w.l(libinit2.o)
    0x08000232   0x00000000   Code   RO         6584    .ARM.Collect$$libinit$$0000000A  c_w.l(libinit2.o)
    0x08000232   0x00000000   Code   RO         6586    .ARM.Collect$$libinit$$0000000C  c_w.l(libinit2.o)
    0x08000232   0x00000000   Code   RO         6588    .ARM.Collect$$libinit$$0000000E  c_w.l(libinit2.o)
    0x08000232   0x00000006   Code   RO         6589    .ARM.Collect$$libinit$$0000000F  c_w.l(libinit2.o)
    0x08000238   0x00000000   Code   RO         6591    .ARM.Collect$$libinit$$00000011  c_w.l(libinit2.o)
    0x08000238   0x0000000c   Code   RO         6592    .ARM.Collect$$libinit$$00000012  c_w.l(libinit2.o)
    0x08000244   0x00000000   Code   RO         6593    .ARM.Collect$$libinit$$00000013  c_w.l(libinit2.o)
    0x08000244   0x00000000   Code   RO         6595    .ARM.Collect$$libinit$$00000015  c_w.l(libinit2.o)
    0x08000244   0x0000000a   Code   RO         6596    .ARM.Collect$$libinit$$00000016  c_w.l(libinit2.o)
    0x0800024e   0x00000000   Code   RO         6597    .ARM.Collect$$libinit$$00000017  c_w.l(libinit2.o)
    0x0800024e   0x00000000   Code   RO         6599    .ARM.Collect$$libinit$$00000019  c_w.l(libinit2.o)
    0x0800024e   0x00000000   Code   RO         6601    .ARM.Collect$$libinit$$0000001B  c_w.l(libinit2.o)
    0x0800024e   0x00000000   Code   RO         6603    .ARM.Collect$$libinit$$0000001D  c_w.l(libinit2.o)
    0x0800024e   0x00000000   Code   RO         6605    .ARM.Collect$$libinit$$0000001F  c_w.l(libinit2.o)
    0x0800024e   0x00000000   Code   RO         6607    .ARM.Collect$$libinit$$00000021  c_w.l(libinit2.o)
    0x0800024e   0x00000000   Code   RO         6609    .ARM.Collect$$libinit$$00000023  c_w.l(libinit2.o)
    0x0800024e   0x00000000   Code   RO         6611    .ARM.Collect$$libinit$$00000025  c_w.l(libinit2.o)
    0x0800024e   0x00000000   Code   RO         6615    .ARM.Collect$$libinit$$0000002C  c_w.l(libinit2.o)
    0x0800024e   0x00000000   Code   RO         6617    .ARM.Collect$$libinit$$0000002E  c_w.l(libinit2.o)
    0x0800024e   0x00000000   Code   RO         6619    .ARM.Collect$$libinit$$00000030  c_w.l(libinit2.o)
    0x0800024e   0x00000000   Code   RO         6621    .ARM.Collect$$libinit$$00000032  c_w.l(libinit2.o)
    0x0800024e   0x00000002   Code   RO         6622    .ARM.Collect$$libinit$$00000033  c_w.l(libinit2.o)
    0x08000250   0x00000002   Code   RO         6659    .ARM.Collect$$libshutdown$$00000000  c_w.l(libshutdown.o)
    0x08000252   0x00000000   Code   RO         6670    .ARM.Collect$$libshutdown$$00000002  c_w.l(libshutdown2.o)
    0x08000252   0x00000000   Code   RO         6672    .ARM.Collect$$libshutdown$$00000004  c_w.l(libshutdown2.o)
    0x08000252   0x00000000   Code   RO         6675    .ARM.Collect$$libshutdown$$00000007  c_w.l(libshutdown2.o)
    0x08000252   0x00000000   Code   RO         6678    .ARM.Collect$$libshutdown$$0000000A  c_w.l(libshutdown2.o)
    0x08000252   0x00000000   Code   RO         6680    .ARM.Collect$$libshutdown$$0000000C  c_w.l(libshutdown2.o)
    0x08000252   0x00000000   Code   RO         6683    .ARM.Collect$$libshutdown$$0000000F  c_w.l(libshutdown2.o)
    0x08000252   0x00000002   Code   RO         6684    .ARM.Collect$$libshutdown$$00000010  c_w.l(libshutdown2.o)
    0x08000254   0x00000000   Code   RO         6338    .ARM.Collect$$rtentry$$00000000  c_w.l(__rtentry.o)
    0x08000254   0x00000000   Code   RO         6486    .ARM.Collect$$rtentry$$00000002  c_w.l(__rtentry2.o)
    0x08000254   0x00000006   Code   RO         6498    .ARM.Collect$$rtentry$$00000004  c_w.l(__rtentry4.o)
    0x0800025a   0x00000000   Code   RO         6488    .ARM.Collect$$rtentry$$00000009  c_w.l(__rtentry2.o)
    0x0800025a   0x00000004   Code   RO         6489    .ARM.Collect$$rtentry$$0000000A  c_w.l(__rtentry2.o)
    0x0800025e   0x00000000   Code   RO         6491    .ARM.Collect$$rtentry$$0000000C  c_w.l(__rtentry2.o)
    0x0800025e   0x00000008   Code   RO         6492    .ARM.Collect$$rtentry$$0000000D  c_w.l(__rtentry2.o)
    0x08000266   0x00000002   Code   RO         6627    .ARM.Collect$$rtexit$$00000000  c_w.l(rtexit.o)
    0x08000268   0x00000000   Code   RO         6637    .ARM.Collect$$rtexit$$00000002  c_w.l(rtexit2.o)
    0x08000268   0x00000004   Code   RO         6638    .ARM.Collect$$rtexit$$00000003  c_w.l(rtexit2.o)
    0x0800026c   0x00000006   Code   RO         6639    .ARM.Collect$$rtexit$$00000004  c_w.l(rtexit2.o)
    0x08000272   0x00000002   PAD
    0x08000274   0x00000096   Code   RO         5102    .emb_text           port.o
    0x0800030a   0x00000002   PAD
    0x0800030c   0x00000040   Code   RO            4    .text               startup_stm32f103xb.o
    0x0800034c   0x00000024   Code   RO         6187    .text               c_w.l(vsprintf.o)
    0x08000370   0x00000034   Code   RO         6189    .text               c_w.l(vsnprintf.o)
    0x080003a4   0x0000002c   Code   RO         6191    .text               c_w.l(__2sprintf.o)
    0x080003d0   0x00000078   Code   RO         6197    .text               c_w.l(_printf_dec.o)
    0x08000448   0x00000188   Code   RO         6216    .text               c_w.l(__printf_flags_ss_wp.o)
    0x080005d0   0x0000003e   Code   RO         6222    .text               c_w.l(strlen.o)
    0x0800060e   0x00000064   Code   RO         6226    .text               c_w.l(rt_memcpy_w.o)
    0x08000672   0x0000004e   Code   RO         6232    .text               c_w.l(rt_memclr_w.o)
    0x080006c0   0x00000080   Code   RO         6234    .text               c_w.l(strcmpv7m.o)
    0x08000740   0x00000006   Code   RO         6236    .text               c_w.l(heapauxi.o)
    0x08000746   0x0000004e   Code   RO         6341    .text               c_w.l(_printf_pad.o)
    0x08000794   0x00000024   Code   RO         6343    .text               c_w.l(_printf_truncate.o)
    0x080007b8   0x00000052   Code   RO         6345    .text               c_w.l(_printf_str.o)
    0x0800080a   0x000000b2   Code   RO         6347    .text               c_w.l(_printf_intcommon.o)
    0x080008bc   0x00000028   Code   RO         6349    .text               c_w.l(_printf_charcount.o)
    0x080008e4   0x0000041a   Code   RO         6351    .text               c_w.l(_printf_fp_dec.o)
    0x08000cfe   0x00000002   PAD
    0x08000d00   0x00000030   Code   RO         6353    .text               c_w.l(_printf_char_common.o)
    0x08000d30   0x0000000a   Code   RO         6355    .text               c_w.l(_sputc.o)
    0x08000d3a   0x00000010   Code   RO         6357    .text               c_w.l(_snputc.o)
    0x08000d4a   0x00000002   PAD
    0x08000d4c   0x000000bc   Code   RO         6359    .text               c_w.l(_printf_wctomb.o)
    0x08000e08   0x0000007c   Code   RO         6362    .text               c_w.l(_printf_longlong_dec.o)
    0x08000e84   0x00000070   Code   RO         6368    .text               c_w.l(_printf_oct_int_ll.o)
    0x08000ef4   0x00000094   Code   RO         6388    .text               c_w.l(_printf_hex_int_ll_ptr.o)
    0x08000f88   0x00000008   Code   RO         6503    .text               c_w.l(rt_locale_intlibspace.o)
    0x08000f90   0x0000008a   Code   RO         6510    .text               c_w.l(lludiv10.o)
    0x0800101a   0x00000002   PAD
    0x0800101c   0x000002fc   Code   RO         6512    .text               c_w.l(_printf_fp_hex.o)
    0x08001318   0x00000080   Code   RO         6515    .text               c_w.l(_printf_fp_infnan.o)
    0x08001398   0x0000002c   Code   RO         6519    .text               c_w.l(_printf_char.o)
    0x080013c4   0x0000002c   Code   RO         6521    .text               c_w.l(_printf_wchar.o)
    0x080013f0   0x000000dc   Code   RO         6523    .text               c_w.l(bigflt0.o)
    0x080014cc   0x00000040   Code   RO         6548    .text               c_w.l(_wcrtomb.o)
    0x0800150c   0x00000008   Code   RO         6563    .text               c_w.l(libspace.o)
    0x08001514   0x0000004a   Code   RO         6566    .text               c_w.l(sys_stackheap_outer.o)
    0x0800155e   0x00000002   PAD
    0x08001560   0x00000010   Code   RO         6568    .text               c_w.l(rt_ctype_table.o)
    0x08001570   0x00000012   Code   RO         6570    .text               c_w.l(exit.o)
    0x08001582   0x00000002   PAD
    0x08001584   0x0000000c   Code   RO         6649    .text               c_w.l(sys_exit.o)
    0x08001590   0x00000002   Code   RO         6660    .text               c_w.l(use_no_semi.o)
    0x08001592   0x00000000   Code   RO         6662    .text               c_w.l(indicate_semi.o)
    0x08001592   0x0000003e   Code   RO         6526    CL$$btod_d2e        c_w.l(btod.o)
    0x080015d0   0x00000046   Code   RO         6528    CL$$btod_d2e_denorm_low  c_w.l(btod.o)
    0x08001616   0x00000060   Code   RO         6527    CL$$btod_d2e_norm_op1  c_w.l(btod.o)
    0x08001676   0x00000338   Code   RO         6536    CL$$btod_div_common  c_w.l(btod.o)
    0x080019ae   0x000000c6   Code   RO         6533    CL$$btod_e2e        c_w.l(btod.o)
    0x08001a74   0x00000028   Code   RO         6530    CL$$btod_ediv       c_w.l(btod.o)
    0x08001a9c   0x00000028   Code   RO         6529    CL$$btod_emul       c_w.l(btod.o)
    0x08001ac4   0x00000244   Code   RO         6535    CL$$btod_mult_common  c_w.l(btod.o)
    0x08001d08   0x000000a4   Code   RO         6003    i.AboutOLED_UIAuxFunc  oled_ui_menudata.o
    0x08001dac   0x000000a4   Code   RO         6004    i.AboutThisDeviceAuxFunc  oled_ui_menudata.o
    0x08001e50   0x00000018   Code   RO         5702    i.BackEventMenuItem  oled_ui.o
    0x08001e68   0x0000000c   Code   RO         6005    i.BrightnessWindow  oled_ui_menudata.o
    0x08001e74   0x00000002   Code   RO          496    i.BusFault_Handler  stm32f1xx_it.o
    0x08001e76   0x0000003e   Code   RO         5703    i.CalcStringWidth   oled_ui.o
    0x08001eb4   0x00000076   Code   RO         5704    i.ChangeArea        oled_ui.o
    0x08001f2a   0x00000018   Code   RO         5705    i.ChangeDistance    oled_ui.o
    0x08001f42   0x00000002   PAD
    0x08001f44   0x00000170   Code   RO         5706    i.ChangeFloatNum    oled_ui.o
    0x080020b4   0x0000003e   Code   RO         5707    i.ChangePoint       oled_ui.o
    0x080020f2   0x00000002   PAD
    0x080020f4   0x0000009c   Code   RO         5708    i.CurrentMenuPageBackUp  oled_ui.o
    0x08002190   0x000000e8   Code   RO         5709    i.CurrentMenuPageInit  oled_ui.o
    0x08002278   0x0000000c   Code   RO          497    i.DMA1_Channel5_IRQHandler  stm32f1xx_it.o
    0x08002284   0x0000002a   Code   RO         2030    i.DMA_SetConfig     stm32f1xx_hal_dma.o
    0x080022ae   0x00000002   Code   RO          498    i.DebugMon_Handler  stm32f1xx_it.o
    0x080022b0   0x000000d0   Code   RO         5710    i.DrawLinePermix    oled_ui.o
    0x08002380   0x0000000c   Code   RO         6007    i.EmptyWindow       oled_ui_menudata.o
    0x0800238c   0x00000002   Code   RO         5581    i.Encoder_Disable   oled_ui_driver.o
    0x0800238e   0x00000002   Code   RO         5582    i.Encoder_Enable    oled_ui_driver.o
    0x08002390   0x00000004   Code   RO         5583    i.Encoder_Get       oled_ui_driver.o
    0x08002394   0x00000002   Code   RO         5584    i.Encoder_Init      oled_ui_driver.o
    0x08002396   0x00000002   PAD
    0x08002398   0x0000005c   Code   RO         5711    i.EnterEventMenuItem  oled_ui.o
    0x080023f4   0x00000004   Code   RO           13    i.Error_Handler     main.o
    0x080023f8   0x00000058   Code   RO         5712    i.GetCurrentMenuPageMaxSlotNum  oled_ui.o
    0x08002450   0x00000014   Code   RO         5713    i.GetEnterFlag      oled_ui.o
    0x08002464   0x00000020   Code   RO         5714    i.GetFPS            oled_ui.o
    0x08002484   0x00000014   Code   RO         5715    i.GetFadeoutFlag    oled_ui.o
    0x08002498   0x00000018   Code   RO         5716    i.GetMenuItemNum    oled_ui.o
    0x080024b0   0x0000002e   Code   RO         5717    i.GetOLED_Font      oled_ui.o
    0x080024de   0x00000002   PAD
    0x080024e0   0x00000020   Code   RO         5718    i.GetWindowDataStyle  oled_ui.o
    0x08002500   0x00000098   Code   RO         2032    i.HAL_DMA_Abort_IT  stm32f1xx_hal_dma.o
    0x08002598   0x00000154   Code   RO         2036    i.HAL_DMA_IRQHandler  stm32f1xx_hal_dma.o
    0x080026ec   0x0000005c   Code   RO         2037    i.HAL_DMA_Init      stm32f1xx_hal_dma.o
    0x08002748   0x00000070   Code   RO         2041    i.HAL_DMA_Start_IT  stm32f1xx_hal_dma.o
    0x080027b8   0x00000024   Code   RO         1657    i.HAL_Delay         stm32f1xx_hal.o
    0x080027dc   0x000001e0   Code   RO         1967    i.HAL_GPIO_Init     stm32f1xx_hal_gpio.o
    0x080029bc   0x0000000a   Code   RO         1969    i.HAL_GPIO_ReadPin  stm32f1xx_hal_gpio.o
    0x080029c6   0x0000000a   Code   RO         1971    i.HAL_GPIO_WritePin  stm32f1xx_hal_gpio.o
    0x080029d0   0x0000000c   Code   RO         1661    i.HAL_GetTick       stm32f1xx_hal.o
    0x080029dc   0x00000188   Code   RO         2638    i.HAL_I2C_Init      stm32f1xx_hal_i2c.o
    0x08002b64   0x0000005c   Code   RO          353    i.HAL_I2C_MspInit   i2c.o
    0x08002bc0   0x00000010   Code   RO         1667    i.HAL_IncTick       stm32f1xx_hal.o
    0x08002bd0   0x00000024   Code   RO         1668    i.HAL_Init          stm32f1xx_hal.o
    0x08002bf4   0x00000098   Code   RO          602    i.HAL_InitTick      stm32f1xx_hal_timebase_tim.o
    0x08002c8c   0x00000048   Code   RO          578    i.HAL_MspInit       stm32f1xx_hal_msp.o
    0x08002cd4   0x0000001a   Code   RO         2127    i.HAL_NVIC_EnableIRQ  stm32f1xx_hal_cortex.o
    0x08002cee   0x00000002   PAD
    0x08002cf0   0x00000040   Code   RO         2133    i.HAL_NVIC_SetPriority  stm32f1xx_hal_cortex.o
    0x08002d30   0x00000024   Code   RO         2134    i.HAL_NVIC_SetPriorityGrouping  stm32f1xx_hal_cortex.o
    0x08002d54   0x0000012c   Code   RO         1825    i.HAL_RCC_ClockConfig  stm32f1xx_hal_rcc.o
    0x08002e80   0x00000040   Code   RO         1829    i.HAL_RCC_GetClockConfig  stm32f1xx_hal_rcc.o
    0x08002ec0   0x00000020   Code   RO         1832    i.HAL_RCC_GetPCLK1Freq  stm32f1xx_hal_rcc.o
    0x08002ee0   0x0000004c   Code   RO         1834    i.HAL_RCC_GetSysClockFreq  stm32f1xx_hal_rcc.o
    0x08002f2c   0x00000320   Code   RO         1837    i.HAL_RCC_OscConfig  stm32f1xx_hal_rcc.o
    0x0800324c   0x00000002   Code   RO         3071    i.HAL_SPI_ErrorCallback  stm32f1xx_hal_spi.o
    0x0800324e   0x00000002   PAD
    0x08003250   0x000000e0   Code   RO         3074    i.HAL_SPI_IRQHandler  stm32f1xx_hal_spi.o
    0x08003330   0x000000b2   Code   RO         3075    i.HAL_SPI_Init      stm32f1xx_hal_spi.o
    0x080033e2   0x00000002   PAD
    0x080033e4   0x000000a4   Code   RO          395    i.HAL_SPI_MspInit   spi.o
    0x08003488   0x00000166   Code   RO         3083    i.HAL_SPI_Transmit  stm32f1xx_hal_spi.o
    0x080035ee   0x00000002   PAD
    0x080035f0   0x000000cc   Code   RO         3087    i.HAL_SPI_Transmit_DMA  stm32f1xx_hal_spi.o
    0x080036bc   0x00000094   Code   RO         5183    i.HAL_SPI_TxCpltCallback  dri_oled.o
    0x08003750   0x00000002   Code   RO         3090    i.HAL_SPI_TxHalfCpltCallback  stm32f1xx_hal_spi.o
    0x08003752   0x00000002   Code   RO         1383    i.HAL_TIMEx_BreakCallback  stm32f1xx_hal_tim_ex.o
    0x08003754   0x00000002   Code   RO         1384    i.HAL_TIMEx_CommutCallback  stm32f1xx_hal_tim_ex.o
    0x08003756   0x00000002   PAD
    0x08003758   0x00000068   Code   RO         1402    i.HAL_TIMEx_MasterConfigSynchronization  stm32f1xx_hal_tim_ex.o
    0x080037c0   0x0000005a   Code   RO          679    i.HAL_TIM_Base_Init  stm32f1xx_hal_tim.o
    0x0800381a   0x00000002   PAD
    0x0800381c   0x0000003c   Code   RO          437    i.HAL_TIM_Base_MspInit  tim.o
    0x08003858   0x00000058   Code   RO          684    i.HAL_TIM_Base_Start_IT  stm32f1xx_hal_tim.o
    0x080038b0   0x000000dc   Code   RO          688    i.HAL_TIM_ConfigClockSource  stm32f1xx_hal_tim.o
    0x0800398c   0x000000a4   Code   RO          700    i.HAL_TIM_Encoder_Init  stm32f1xx_hal_tim.o
    0x08003a30   0x00000050   Code   RO          439    i.HAL_TIM_Encoder_MspInit  tim.o
    0x08003a80   0x00000002   Code   RO          713    i.HAL_TIM_IC_CaptureCallback  stm32f1xx_hal_tim.o
    0x08003a82   0x00000130   Code   RO          727    i.HAL_TIM_IRQHandler  stm32f1xx_hal_tim.o
    0x08003bb2   0x00000002   Code   RO          730    i.HAL_TIM_OC_DelayElapsedCallback  stm32f1xx_hal_tim.o
    0x08003bb4   0x00000002   Code   RO          757    i.HAL_TIM_PWM_PulseFinishedCallback  stm32f1xx_hal_tim.o
    0x08003bb6   0x00000002   PAD
    0x08003bb8   0x00000040   Code   RO           14    i.HAL_TIM_PeriodElapsedCallback  main.o
    0x08003bf8   0x00000002   Code   RO          770    i.HAL_TIM_TriggerCallback  stm32f1xx_hal_tim.o
    0x08003bfa   0x00000002   Code   RO          499    i.HardFault_Handler  stm32f1xx_it.o
    0x08003bfc   0x00000002   Code   RO         5585    i.Key_Init          oled_ui_driver.o
    0x08003bfe   0x00000002   PAD
    0x08003c00   0x0000002c   Code   RO          328    i.MX_DMA_Init       dma.o
    0x08003c2c   0x000000a4   Code   RO          254    i.MX_GPIO_Init      gpio.o
    0x08003cd0   0x00000040   Code   RO          354    i.MX_I2C1_Init      i2c.o
    0x08003d10   0x00000044   Code   RO          396    i.MX_SPI2_Init      spi.o
    0x08003d54   0x00000068   Code   RO          440    i.MX_TIM1_Init      tim.o
    0x08003dbc   0x00000068   Code   RO          441    i.MX_TIM2_Init      tim.o
    0x08003e24   0x00000038   Code   RO         6008    i.MainAuxFunc       oled_ui_menudata.o
    0x08003e5c   0x00000002   Code   RO          500    i.MemManage_Handler  stm32f1xx_it.o
    0x08003e5e   0x00000002   PAD
    0x08003e60   0x0000002c   Code   RO         5719    i.MenuItemsMoveDown  oled_ui.o
    0x08003e8c   0x0000002c   Code   RO         5720    i.MenuItemsMoveLeft  oled_ui.o
    0x08003eb8   0x0000002c   Code   RO         5721    i.MenuItemsMoveRight  oled_ui.o
    0x08003ee4   0x0000002c   Code   RO         5722    i.MenuItemsMoveUp   oled_ui.o
    0x08003f10   0x000000a0   Code   RO         5723    i.MoveMenuElements  oled_ui.o
    0x08003fb0   0x00000002   Code   RO          501    i.NMI_Handler       stm32f1xx_it.o
    0x08003fb2   0x00000026   Code   RO         5184    i.OLED_Brightness   dri_oled.o
    0x08003fd8   0x00000034   Code   RO         5185    i.OLED_Clear        dri_oled.o
    0x0800400c   0x00000080   Code   RO         5186    i.OLED_ClearArea    dri_oled.o
    0x0800408c   0x00000010   Code   RO         5187    i.OLED_Color_Turn   dri_oled.o
    0x0800409c   0x0000002c   Code   RO         5190    i.OLED_Display_Turn  dri_oled.o
    0x080040c8   0x00000258   Code   RO         5191    i.OLED_DrawArc      dri_oled.o
    0x08004320   0x000000ea   Code   RO         5194    i.OLED_DrawLine     dri_oled.o
    0x0800440a   0x00000002   PAD
    0x0800440c   0x00000038   Code   RO         5195    i.OLED_DrawPoint    dri_oled.o
    0x08004444   0x00000104   Code   RO         5196    i.OLED_DrawRectangle  dri_oled.o
    0x08004548   0x00000124   Code   RO         5197    i.OLED_DrawRoundedRectangle  dri_oled.o
    0x0800466c   0x000005fc   Code   RO         5724    i.OLED_DrawWindow   oled_ui.o
    0x08004c68   0x00000130   Code   RO         5202    i.OLED_Init         dri_oled.o
    0x08004d98   0x00000060   Code   RO         5203    i.OLED_IsInAngle    dri_oled.o
    0x08004df8   0x00000134   Code   RO         5725    i.OLED_KeyAndEncoderRecord  oled_ui.o
    0x08004f2c   0x0000002a   Code   RO         5205    i.OLED_Printf       dri_oled.o
    0x08004f56   0x0000003e   Code   RO         5208    i.OLED_PrintfMixArea  dri_oled.o
    0x08004f94   0x00000050   Code   RO         5209    i.OLED_Refresh      dri_oled.o
    0x08004fe4   0x00000080   Code   RO         5211    i.OLED_ReverseArea  dri_oled.o
    0x08005064   0x00000060   Code   RO         5212    i.OLED_Send_Byte    dri_oled.o
    0x080050c4   0x00000020   Code   RO         5213    i.OLED_SetColorMode  dri_oled.o
    0x080050e4   0x0000001c   Code   RO         5214    i.OLED_Set_Pos      dri_oled.o
    0x08005100   0x00000078   Code   RO         5216    i.OLED_ShowChar     dri_oled.o
    0x08005178   0x00000090   Code   RO         5217    i.OLED_ShowCharArea  dri_oled.o
    0x08005208   0x000001e8   Code   RO         5219    i.OLED_ShowChineseArea  dri_oled.o
    0x080053f0   0x0000014c   Code   RO         5222    i.OLED_ShowImage    dri_oled.o
    0x0800553c   0x00000130   Code   RO         5223    i.OLED_ShowImageArea  dri_oled.o
    0x0800566c   0x00000076   Code   RO         5225    i.OLED_ShowMixStringArea  dri_oled.o
    0x080056e2   0x0000002c   Code   RO         5228    i.OLED_ShowString   dri_oled.o
    0x0800570e   0x00000004   Code   RO         5726    i.OLED_UI_Back      oled_ui.o
    0x08005712   0x00000002   PAD
    0x08005714   0x00000064   Code   RO         5727    i.OLED_UI_CreateWindow  oled_ui.o
    0x08005778   0x000000d8   Code   RO         5728    i.OLED_UI_FadeOut_Masking  oled_ui.o
    0x08005850   0x00000030   Code   RO         5729    i.OLED_UI_Init      oled_ui.o
    0x08005880   0x0000025c   Code   RO         5730    i.OLED_UI_InterruptHandler  oled_ui.o
    0x08005adc   0x00000020   Code   RO         5731    i.OLED_UI_MainLoop  oled_ui.o
    0x08005afc   0x00000030   Code   RO         5732    i.OLED_UI_ShowFPS   oled_ui.o
    0x08005b2c   0x00000854   Code   RO         5733    i.PrintMenuElements  oled_ui.o
    0x08006380   0x00000118   Code   RO         5736    i.ReverseCoordinate  oled_ui.o
    0x08006498   0x00000034   Code   RO         5737    i.RunCurrentCallBackFunction  oled_ui.o
    0x080064cc   0x0000019c   Code   RO         5738    i.RunFadeOut        oled_ui.o
    0x08006668   0x0000000c   Code   RO          502    i.SPI2_IRQHandler   stm32f1xx_it.o
    0x08006674   0x00000010   Code   RO         3102    i.SPI_DMAAbortOnError  stm32f1xx_hal_spi.o
    0x08006684   0x00000022   Code   RO         3103    i.SPI_DMAError      stm32f1xx_hal_spi.o
    0x080066a6   0x0000000a   Code   RO         3105    i.SPI_DMAHalfTransmitCplt  stm32f1xx_hal_spi.o
    0x080066b0   0x00000064   Code   RO         3109    i.SPI_DMATransmitCplt  stm32f1xx_hal_spi.o
    0x08006714   0x00000034   Code   RO         3113    i.SPI_EndRxTxTransaction  stm32f1xx_hal_spi.o
    0x08006748   0x000000b8   Code   RO         3118    i.SPI_WaitFlagStateUntilTimeout  stm32f1xx_hal_spi.o
    0x08006800   0x0000001c   Code   RO         5739    i.SetCursorZero     oled_ui.o
    0x0800681c   0x00000010   Code   RO         5740    i.SetEnterFlag      oled_ui.o
    0x0800682c   0x0000000c   Code   RO         5741    i.SetFadeOutFlag    oled_ui.o
    0x08006838   0x00000030   Code   RO         5742    i.SetLineSplitZero  oled_ui.o
    0x08006868   0x00000240   Code   RO         5743    i.SetTargetCursor   oled_ui.o
    0x08006aa8   0x00000020   Code   RO         5744    i.SetTargetMenuFrame  oled_ui.o
    0x08006ac8   0x00000098   Code   RO         5745    i.SetTargetProbWidth  oled_ui.o
    0x08006b60   0x00000060   Code   RO         5746    i.SetTargetScrollBarHeight  oled_ui.o
    0x08006bc0   0x000000e0   Code   RO         6009    i.SettingAuxFunc    oled_ui_menudata.o
    0x08006ca0   0x0000000c   Code   RO         6010    i.ShowFloatDataWindow  oled_ui_menudata.o
    0x08006cac   0x0000000c   Code   RO         6011    i.ShowIntDataWindow  oled_ui_menudata.o
    0x08006cb8   0x0000000c   Code   RO         6014    i.ShowTextWindow    oled_ui_menudata.o
    0x08006cc4   0x0000001a   Code   RO         4534    i.SysTick_Handler   cmsis_os2.o
    0x08006cde   0x0000005e   Code   RO           15    i.SystemClock_Config  main.o
    0x08006d3c   0x00000002   Code   RO         3387    i.SystemInit        system_stm32f1xx.o
    0x08006d3e   0x00000002   PAD
    0x08006d40   0x0000000c   Code   RO          503    i.TIM1_UP_IRQHandler  stm32f1xx_it.o
    0x08006d4c   0x0000000c   Code   RO          504    i.TIM4_IRQHandler   stm32f1xx_it.o
    0x08006d58   0x00000078   Code   RO          772    i.TIM_Base_SetConfig  stm32f1xx_hal_tim.o
    0x08006dd0   0x00000014   Code   RO          783    i.TIM_ETR_SetConfig  stm32f1xx_hal_tim.o
    0x08006de4   0x00000010   Code   RO          784    i.TIM_ITRx_SetConfig  stm32f1xx_hal_tim.o
    0x08006df4   0x00000022   Code   RO          790    i.TIM_TI1_ConfigInputStage  stm32f1xx_hal_tim.o
    0x08006e16   0x00000024   Code   RO          792    i.TIM_TI2_ConfigInputStage  stm32f1xx_hal_tim.o
    0x08006e3a   0x00000002   Code   RO         5586    i.Timer_Init        oled_ui_driver.o
    0x08006e3c   0x00000002   Code   RO          505    i.UsageFault_Handler  stm32f1xx_it.o
    0x08006e3e   0x00000028   Code   RO         6559    i.__ARM_fpclassify  m_ws.l(fpclassify.o)
    0x08006e66   0x00000020   Code   RO         2140    i.__NVIC_SetPriority  stm32f1xx_hal_cortex.o
    0x08006e86   0x000000aa   Code   RO         6561    i.__kernel_poly     m_ws.l(poly.o)
    0x08006f30   0x00000006   Code   RO         6452    i.__mathlib_dbl_infnan  m_ws.l(dunder.o)
    0x08006f36   0x00000004   Code   RO         6453    i.__mathlib_dbl_infnan2  m_ws.l(dunder.o)
    0x08006f3a   0x00000002   PAD
    0x08006f3c   0x00000010   Code   RO         6457    i.__mathlib_dbl_underflow  m_ws.l(dunder.o)
    0x08006f4c   0x0000000e   Code   RO         6209    i._is_digit         c_w.l(__printf_wp.o)
    0x08006f5a   0x00000002   PAD
    0x08006f5c   0x00000220   Code   RO         6442    i.atan              m_ws.l(atan.o)
    0x0800717c   0x00000180   Code   RO         6307    i.atan2             m_ws.l(atan2.o)
    0x080072fc   0x000000dc   Code   RO         6315    i.ceil              m_ws.l(ceil.o)
    0x080073d8   0x00000042   Code   RO         6336    i.fmin              m_ws.l(fmin.o)
    0x0800741a   0x00000002   PAD
    0x0800741c   0x0000004c   Code   RO           16    i.main              main.o
    0x08007468   0x00000020   Code   RO         4001    i.prvResetNextTaskUnblockTime  tasks.o
    0x08007488   0x00000026   Code   RO         3552    i.uxListRemove      list.o
    0x080074ae   0x00000018   Code   RO         3556    i.vListInsertEnd    list.o
    0x080074c6   0x00000002   PAD
    0x080074c8   0x00000064   Code   RO         4034    i.vTaskSwitchContext  tasks.o
    0x0800752c   0x0000002c   Code   RO         5111    i.xPortSysTickHandler  port.o
    0x08007558   0x0000001c   Code   RO         4042    i.xTaskGetSchedulerState  tasks.o
    0x08007574   0x000000c8   Code   RO         4045    i.xTaskIncrementTick  tasks.o
    0x0800763c   0x0000002c   Code   RO         6551    locale$$code        c_w.l(lc_numeric_c.o)
    0x08007668   0x0000002c   Code   RO         6630    locale$$code        c_w.l(lc_ctype_c.o)
    0x08007694   0x00000062   Code   RO         6240    x$fpl$d2f           fz_ws.l(d2f.o)
    0x080076f6   0x00000002   PAD
    0x080076f8   0x00000150   Code   RO         6242    x$fpl$dadd          fz_ws.l(daddsub_clz.o)
    0x08007848   0x00000010   Code   RO         6623    x$fpl$dcheck1       fz_ws.l(dcheck1.o)
    0x08007858   0x00000136   Code   RO         6414    x$fpl$dcmp4         fz_ws.l(dcmp4.o)
    0x0800798e   0x00000018   Code   RO         6416    x$fpl$dcmpinf       fz_ws.l(dcmpi.o)
    0x080079a6   0x00000002   PAD
    0x080079a8   0x000002b0   Code   RO         6249    x$fpl$ddiv          fz_ws.l(ddiv.o)
    0x08007c58   0x0000005e   Code   RO         6252    x$fpl$dfix          fz_ws.l(dfix.o)
    0x08007cb6   0x0000002e   Code   RO         6261    x$fpl$dflt          fz_ws.l(dflt_clz.o)
    0x08007ce4   0x00000078   Code   RO         6266    x$fpl$dleqf         fz_ws.l(dleqf.o)
    0x08007d5c   0x00000154   Code   RO         6268    x$fpl$dmul          fz_ws.l(dmul.o)
    0x08007eb0   0x0000009c   Code   RO         6418    x$fpl$dnaninf       fz_ws.l(dnaninf.o)
    0x08007f4c   0x0000000c   Code   RO         6420    x$fpl$dretinf       fz_ws.l(dretinf.o)
    0x08007f58   0x0000006c   Code   RO         6270    x$fpl$drleqf        fz_ws.l(drleqf.o)
    0x08007fc4   0x00000016   Code   RO         6243    x$fpl$drsb          fz_ws.l(daddsub_clz.o)
    0x08007fda   0x00000002   PAD
    0x08007fdc   0x000001d4   Code   RO         6244    x$fpl$dsub          fz_ws.l(daddsub_clz.o)
    0x080081b0   0x00000056   Code   RO         6272    x$fpl$f2d           fz_ws.l(f2d.o)
    0x08008206   0x00000002   PAD
    0x08008208   0x000000c4   Code   RO         6274    x$fpl$fadd          fz_ws.l(faddsub_clz.o)
    0x080082cc   0x00000018   Code   RO         6426    x$fpl$fcmpinf       fz_ws.l(fcmpi.o)
    0x080082e4   0x00000184   Code   RO         6281    x$fpl$fdiv          fz_ws.l(fdiv.o)
    0x08008468   0x00000068   Code   RO         6284    x$fpl$feqf          fz_ws.l(feqf.o)
    0x080084d0   0x00000036   Code   RO         6286    x$fpl$ffix          fz_ws.l(ffix.o)
    0x08008506   0x00000002   PAD
    0x08008508   0x00000030   Code   RO         6291    x$fpl$fflt          fz_ws.l(fflt_clz.o)
    0x08008538   0x00000068   Code   RO         6296    x$fpl$fleqf         fz_ws.l(fleqf.o)
    0x080085a0   0x00000102   Code   RO         6298    x$fpl$fmul          fz_ws.l(fmul.o)
    0x080086a2   0x0000008c   Code   RO         6428    x$fpl$fnaninf       fz_ws.l(fnaninf.o)
    0x0800872e   0x0000000a   Code   RO         6430    x$fpl$fretinf       fz_ws.l(fretinf.o)
    0x08008738   0x00000062   Code   RO         6300    x$fpl$frleqf        fz_ws.l(frleqf.o)
    0x0800879a   0x00000014   Code   RO         6275    x$fpl$frsb          fz_ws.l(faddsub_clz.o)
    0x080087ae   0x00000002   PAD
    0x080087b0   0x000000ea   Code   RO         6276    x$fpl$fsub          fz_ws.l(faddsub_clz.o)
    0x0800889a   0x00000004   Code   RO         6302    x$fpl$printf1       fz_ws.l(printf1.o)
    0x0800889e   0x00000004   Code   RO         6434    x$fpl$printf2       fz_ws.l(printf2.o)
    0x080088a2   0x00000064   Code   RO         6555    x$fpl$retnan        fz_ws.l(retnan.o)
    0x08008906   0x0000005c   Code   RO         6557    x$fpl$scalbn        fz_ws.l(scalbn.o)
    0x08008962   0x00000030   Code   RO         6625    x$fpl$trapveneer    fz_ws.l(trapv.o)
    0x08008992   0x00000000   Code   RO         6440    x$fpl$usenofp       fz_ws.l(usenofp.o)
    0x08008992   0x00000012   Data   RO         1838    .constdata          stm32f1xx_hal_rcc.o
    0x080089a4   0x00000010   Data   RO         3388    .constdata          system_stm32f1xx.o
    0x080089b4   0x00000008   Data   RO         3389    .constdata          system_stm32f1xx.o
    0x080089bc   0x00000b22   Data   RO         5534    .constdata          dri_oled_font.o
    0x080094de   0x000005f0   Data   RO         5535    .constdata          dri_oled_font.o
    0x08009ace   0x00000532   Data   RO         5536    .constdata          dri_oled_font.o
    0x0800a000   0x0000023a   Data   RO         5537    .constdata          dri_oled_font.o
    0x0800a23a   0x00000ccc   Data   RO         5538    .constdata          dri_oled_font.o
    0x0800af06   0x00000c94   Data   RO         5539    .constdata          dri_oled_font.o
    0x0800bb9a   0x00000ac2   Data   RO         5540    .constdata          dri_oled_font.o
    0x0800c65c   0x00000252   Data   RO         5541    .constdata          dri_oled_font.o
    0x0800c8ae   0x00000006   Data   RO         5542    .constdata          dri_oled_font.o
    0x0800c8b4   0x00000290   Data   RO         5543    .constdata          dri_oled_font.o
    0x0800cb44   0x00000080   Data   RO         5544    .constdata          dri_oled_font.o
    0x0800cbc4   0x00000080   Data   RO         5546    .constdata          dri_oled_font.o
    0x0800cc44   0x00000080   Data   RO         5548    .constdata          dri_oled_font.o
    0x0800ccc4   0x00000080   Data   RO         5549    .constdata          dri_oled_font.o
    0x0800cd44   0x00000080   Data   RO         5550    .constdata          dri_oled_font.o
    0x0800cdc4   0x00000080   Data   RO         5551    .constdata          dri_oled_font.o
    0x0800ce44   0x00000080   Data   RO         5562    .constdata          dri_oled_font.o
    0x0800cec4   0x000000d0   Data   RO         5563    .constdata          dri_oled_font.o
    0x0800cf94   0x00000100   Data   RO         5564    .constdata          dri_oled_font.o
    0x0800d094   0x00000014   Data   RO         5748    .constdata          oled_ui.o
    0x0800d0a8   0x00000011   Data   RO         6217    .constdata          c_w.l(__printf_flags_ss_wp.o)
    0x0800d0b9   0x00000003   PAD
    0x0800d0bc   0x00000008   Data   RO         6360    .constdata          c_w.l(_printf_wctomb.o)
    0x0800d0c4   0x00000028   Data   RO         6389    .constdata          c_w.l(_printf_hex_int_ll_ptr.o)
    0x0800d0ec   0x00000004   PAD
    0x0800d0f0   0x00000098   Data   RO         6443    .constdata          m_ws.l(atan.o)
    0x0800d188   0x00000008   Data   RO         6481    .constdata          m_ws.l(qnan.o)
    0x0800d190   0x00000026   Data   RO         6513    .constdata          c_w.l(_printf_fp_hex.o)
    0x0800d1b6   0x00000002   PAD
    0x0800d1b8   0x00000094   Data   RO         6524    .constdata          c_w.l(bigflt0.o)
    0x0800d24c   0x00000061   Data   RO         6017    .conststring        oled_ui_menudata.o
    0x0800d2ad   0x00000003   PAD
    0x0800d2b0   0x0000004b   Data   RO         6018    .conststring        oled_ui_menudata.o
    0x0800d2fb   0x00000001   PAD
    0x0800d2fc   0x00000069   Data   RO         6019    .conststring        oled_ui_menudata.o
    0x0800d365   0x00000003   PAD
    0x0800d368   0x0000006b   Data   RO         6020    .conststring        oled_ui_menudata.o
    0x0800d3d3   0x00000001   PAD
    0x0800d3d4   0x0000007b   Data   RO         6021    .conststring        oled_ui_menudata.o
    0x0800d44f   0x00000001   PAD
    0x0800d450   0x000000cd   Data   RO         6023    .conststring        oled_ui_menudata.o
    0x0800d51d   0x00000003   PAD
    0x0800d520   0x00000061   Data   RO         6024    .conststring        oled_ui_menudata.o
    0x0800d581   0x00000003   PAD
    0x0800d584   0x00000097   Data   RO         6028    .conststring        oled_ui_menudata.o
    0x0800d61b   0x00000001   PAD
    0x0800d61c   0x0000002e   Data   RO         6030    .conststring        oled_ui_menudata.o
    0x0800d64a   0x00000002   PAD
    0x0800d64c   0x00000020   Data   RO         6709    Region$$Table       anon$$obj.o
    0x0800d66c   0x0000001c   Data   RO         6550    locale$$data        c_w.l(lc_numeric_c.o)
    0x0800d688   0x00000110   Data   RO         6629    locale$$data        c_w.l(lc_ctype_c.o)


    Execution Region RW_IRAM1 (Base: 0x20000000, Size: 0x00002d30, Max: 0x00005000, ABSOLUTE, COMPRESSED[0x00000394])

    Base Addr    Size         Type   Attr      Idx    E Section Name        Object

    0x20000000   0x00000004   Data   RW           21    .data               main.o
    0x20000004   0x0000000c   Data   RW         1675    .data               stm32f1xx_hal.o
    0x20000010   0x00000004   Data   RW         3390    .data               system_stm32f1xx.o
    0x20000014   0x0000003c   Data   RW         4054    .data               tasks.o
    0x20000050   0x00000020   Data   RW         5238    .data               dri_oled.o
    0x20000070   0x0000003e   Data   RW         5749    .data               oled_ui.o
    0x200000ae   0x00000002   Data   RW         5750    .data               oled_ui.o
    0x200000b0   0x00000004   Data   RW         6032    .data               oled_ui_menudata.o
    0x200000b4   0x00000002   Data   RW         6033    .data               oled_ui_menudata.o
    0x200000b6   0x00000002   PAD
    0x200000b8   0x000001c0   Data   RW         6034    .data               oled_ui_menudata.o
    0x20000278   0x00000118   Data   RW         6035    .data               oled_ui_menudata.o
    0x20000390   0x00000140   Data   RW         6036    .data               oled_ui_menudata.o
    0x200004d0   0x00000190   Data   RW         6037    .data               oled_ui_menudata.o
    0x20000660   0x00000140   Data   RW         6038    .data               oled_ui_menudata.o
    0x200007a0   0x00000230   Data   RW         6040    .data               oled_ui_menudata.o
    0x200009d0   0x00000140   Data   RW         6041    .data               oled_ui_menudata.o
    0x20000b10   0x00000140   Data   RW         6042    .data               oled_ui_menudata.o
    0x20000c50   0x00000140   Data   RW         6043    .data               oled_ui_menudata.o
    0x20000d90   0x00000230   Data   RW         6044    .data               oled_ui_menudata.o
    0x20000fc0   0x000000f0   Data   RW         6045    .data               oled_ui_menudata.o
    0x200010b0   0x00000230   Data   RW         6046    .data               oled_ui_menudata.o
    0x200012e0   0x00000140   Data   RW         6047    .data               oled_ui_menudata.o
    0x20001420   0x00000230   Data   RW         6048    .data               oled_ui_menudata.o
    0x20001650   0x00000048   Data   RW         6049    .data               oled_ui_menudata.o
    0x20001698   0x00000048   Data   RW         6050    .data               oled_ui_menudata.o
    0x200016e0   0x00000048   Data   RW         6051    .data               oled_ui_menudata.o
    0x20001728   0x00000048   Data   RW         6052    .data               oled_ui_menudata.o
    0x20001770   0x00000048   Data   RW         6054    .data               oled_ui_menudata.o
    0x200017b8   0x00000048   Data   RW         6055    .data               oled_ui_menudata.o
    0x20001800   0x00000048   Data   RW         6056    .data               oled_ui_menudata.o
    0x20001848   0x00000048   Data   RW         6057    .data               oled_ui_menudata.o
    0x20001890   0x00000048   Data   RW         6058    .data               oled_ui_menudata.o
    0x200018d8   0x00000048   Data   RW         6059    .data               oled_ui_menudata.o
    0x20001920   0x00000048   Data   RW         6060    .data               oled_ui_menudata.o
    0x20001968   0x00000048   Data   RW         6061    .data               oled_ui_menudata.o
    0x200019b0   0x00000048   Data   RW         6062    .data               oled_ui_menudata.o
    0x200019f8   0x00000054   Zero   RW          355    .bss                i2c.o
    0x20001a4c   0x0000009c   Zero   RW          397    .bss                spi.o
    0x20001ae8   0x00000090   Zero   RW          442    .bss                tim.o
    0x20001b78   0x00000048   Zero   RW          605    .bss                stm32f1xx_hal_timebase_tim.o
    0x20001bc0   0x000004c4   Zero   RW         4053    .bss                tasks.o
    0x20002084   0x00000420   Zero   RW         5236    .bss                dri_oled.o
    0x200024a4   0x00000198   Zero   RW         5747    .bss                oled_ui.o
    0x2000263c   0x00000090   Zero   RW         6016    .bss                oled_ui_menudata.o
    0x200026cc   0x00000060   Zero   RW         6564    .bss                c_w.l(libspace.o)
    0x2000272c   0x00000004   PAD
    0x20002730   0x00000200   Zero   RW            2    HEAP                startup_stm32f103xb.o
    0x20002930   0x00000400   Zero   RW            1    STACK               startup_stm32f103xb.o


==============================================================================

Image component sizes


      Code (inc. data)   RO Data    RW Data    ZI Data      Debug   Object Name

        26          0          0          0          0        562   cmsis_os2.o
        44          4          0          0          0        714   dma.o
      4286        176          0         32       1056      25045   dri_oled.o
         0          0      18136          0          0       2833   dri_oled_font.o
         0          0          0          0          0      15468   event_groups.o
       164         12          0          0          0        887   gpio.o
       156         26          0          0         84       1537   i2c.o
        62          0          0          0          0       1584   list.o
       238         24          0          4          0     441816   main.o
      8672        438         20         64        408      33221   oled_ui.o
        14          0          0          0          0       2480   oled_ui_driver.o
       668        116       1006       6470        144       7176   oled_ui_menudata.o
       194         18          0          0          0       3470   port.o
       232         30          0          0        156       1646   spi.o
        64         26        236          0       1536        788   startup_stm32f103xb.o
       100         18          0         12          0       5094   stm32f1xx_hal.o
       158         14          0          0          0      28078   stm32f1xx_hal_cortex.o
       738         36          0          0          0       4186   stm32f1xx_hal_dma.o
       500         34          0          0          0       3423   stm32f1xx_hal_gpio.o
       392         16          0          0          0       3163   stm32f1xx_hal_i2c.o
        72         10          0          0          0        826   stm32f1xx_hal_msp.o
      1272         82         18          0          0       5046   stm32f1xx_hal_rcc.o
      1364         22          0          0          0       9267   stm32f1xx_hal_spi.o
      1100         24          0          0          0      10356   stm32f1xx_hal_tim.o
       108         12          0          0          0       2313   stm32f1xx_hal_tim_ex.o
       152         20          0          0         72       1411   stm32f1xx_hal_timebase_tim.o
        60         24          0          0          0       4117   stm32f1xx_it.o
         2          0         24          4          0       1047   system_stm32f1xx.o
       360         30          0         60       1220      10265   tasks.o
       348         32          0          0        144       2793   tim.o

    ----------------------------------------------------------------------
     21582       1244      19490       6648       4820     630612   Object Totals
         0          0         32          0          0          0   (incl. Generated)
        36          0         18          2          0          0   (incl. Padding)

    ----------------------------------------------------------------------

      Code (inc. data)   RO Data    RW Data    ZI Data      Debug   Library Member Name

        44          6          0          0          0         84   __2sprintf.o
        90          0          0          0          0          0   __dczerorl2.o
         8          0          0          0          0         68   __main.o
       392          4         17          0          0         92   __printf_flags_ss_wp.o
        14          0          0          0          0         68   __printf_wp.o
         0          0          0          0          0          0   __rtentry.o
        12          0          0          0          0          0   __rtentry2.o
         6          0          0          0          0          0   __rtentry4.o
        52          8          0          0          0          0   __scatter.o
        28          0          0          0          0          0   __scatter_zi.o
         6          0          0          0          0          0   _printf_a.o
         6          0          0          0          0          0   _printf_c.o
        44          0          0          0          0        108   _printf_char.o
        48          6          0          0          0         96   _printf_char_common.o
        40          0          0          0          0         68   _printf_charcount.o
         6          0          0          0          0          0   _printf_d.o
       120         16          0          0          0         92   _printf_dec.o
         6          0          0          0          0          0   _printf_e.o
         6          0          0          0          0          0   _printf_f.o
      1050          0          0          0          0        216   _printf_fp_dec.o
       764          8         38          0          0        100   _printf_fp_hex.o
       128         16          0          0          0         84   _printf_fp_infnan.o
         6          0          0          0          0          0   _printf_g.o
       148          4         40          0          0        160   _printf_hex_int_ll_ptr.o
         6          0          0          0          0          0   _printf_i.o
       178          0          0          0          0         88   _printf_intcommon.o
        10          0          0          0          0          0   _printf_l.o
         6          0          0          0          0          0   _printf_lc.o
        10          0          0          0          0          0   _printf_ll.o
         6          0          0          0          0          0   _printf_lld.o
         6          0          0          0          0          0   _printf_lli.o
         6          0          0          0          0          0   _printf_llo.o
         6          0          0          0          0          0   _printf_llu.o
         6          0          0          0          0          0   _printf_llx.o
       124         16          0          0          0         92   _printf_longlong_dec.o
         6          0          0          0          0          0   _printf_ls.o
         6          0          0          0          0          0   _printf_n.o
         6          0          0          0          0          0   _printf_o.o
       112         10          0          0          0        124   _printf_oct_int_ll.o
         6          0          0          0          0          0   _printf_p.o
        78          0          0          0          0        108   _printf_pad.o
         0          0          0          0          0          0   _printf_percent.o
         4          0          0          0          0          0   _printf_percent_end.o
         6          0          0          0          0          0   _printf_s.o
        82          0          0          0          0         80   _printf_str.o
        36          0          0          0          0         84   _printf_truncate.o
         6          0          0          0          0          0   _printf_u.o
        44          0          0          0          0        108   _printf_wchar.o
       188          6          8          0          0         92   _printf_wctomb.o
         6          0          0          0          0          0   _printf_x.o
        16          0          0          0          0         68   _snputc.o
        10          0          0          0          0         68   _sputc.o
        64          0          0          0          0         92   _wcrtomb.o
       220          4        148          0          0         96   bigflt0.o
      1910        128          0          0          0        672   btod.o
        18          0          0          0          0         80   exit.o
         6          0          0          0          0        152   heapauxi.o
         0          0          0          0          0          0   indicate_semi.o
        44         10        272          0          0         76   lc_ctype_c.o
        44         10         28          0          0         76   lc_numeric_c.o
         2          0          0          0          0          0   libinit.o
        30          0          0          0          0          0   libinit2.o
         2          0          0          0          0          0   libshutdown.o
         2          0          0          0          0          0   libshutdown2.o
         8          4          0          0         96         68   libspace.o
       138          0          0          0          0         80   lludiv10.o
        16          4          0          0          0         76   rt_ctype_table.o
         8          4          0          0          0         68   rt_locale_intlibspace.o
        78          0          0          0          0         80   rt_memclr_w.o
       100          0          0          0          0         80   rt_memcpy_w.o
         2          0          0          0          0          0   rtexit.o
        10          0          0          0          0          0   rtexit2.o
       128          0          0          0          0         68   strcmpv7m.o
        62          0          0          0          0         76   strlen.o
        12          4          0          0          0         68   sys_exit.o
        74          0          0          0          0         80   sys_stackheap_outer.o
         2          0          0          0          0         68   use_no_semi.o
        52          4          0          0          0         80   vsnprintf.o
        36          4          0          0          0         76   vsprintf.o
        98          4          0          0          0         92   d2f.o
       826         16          0          0          0        348   daddsub_clz.o
        16          4          0          0          0         68   dcheck1.o
       310          8          0          0          0        180   dcmp4.o
        24          0          0          0          0         68   dcmpi.o
       688        140          0          0          0        208   ddiv.o
        94          4          0          0          0         92   dfix.o
        46          0          0          0          0         68   dflt_clz.o
       120          4          0          0          0         92   dleqf.o
       340         12          0          0          0        104   dmul.o
       156          4          0          0          0         92   dnaninf.o
        12          0          0          0          0         68   dretinf.o
       108          0          0          0          0         80   drleqf.o
        86          4          0          0          0         84   f2d.o
       450          8          0          0          0        236   faddsub_clz.o
        24          0          0          0          0         68   fcmpi.o
       388         76          0          0          0         96   fdiv.o
       104          4          0          0          0         84   feqf.o
        54          4          0          0          0         84   ffix.o
        48          0          0          0          0         68   fflt_clz.o
       104          4          0          0          0         84   fleqf.o
       258          4          0          0          0         84   fmul.o
       140          4          0          0          0         84   fnaninf.o
        10          0          0          0          0         68   fretinf.o
        98          0          0          0          0         68   frleqf.o
         4          0          0          0          0         68   printf1.o
         4          0          0          0          0         68   printf2.o
       100          0          0          0          0         68   retnan.o
        92          0          0          0          0         68   scalbn.o
        48          0          0          0          0         68   trapv.o
         0          0          0          0          0          0   usenofp.o
       544         70        152          0          0        124   atan.o
       384         38          0          0          0        144   atan2.o
       220         16          0          0          0         84   ceil.o
        26          6          0          0          0        204   dunder.o
        66          0          0          0          0         84   fmin.o
        40          0          0          0          0         68   fpclassify.o
       170          0          0          0          0         96   poly.o
         0          0          8          0          0          0   qnan.o

    ----------------------------------------------------------------------
     13400        710        720          0        100       8172   Library Totals
        32          0          9          0          4          0   (incl. Padding)

    ----------------------------------------------------------------------

      Code (inc. data)   RO Data    RW Data    ZI Data      Debug   Library Name

      7068        276        551          0         96       4360   c_w.l
      4850        304          0          0          0       3008   fz_ws.l
      1450        130        160          0          0        804   m_ws.l

    ----------------------------------------------------------------------
     13400        710        720          0        100       8172   Library Totals

    ----------------------------------------------------------------------

==============================================================================


      Code (inc. data)   RO Data    RW Data    ZI Data      Debug   

     34982       1954      20210       6648       4920     625468   Grand Totals
     34982       1954      20210        916       4920     625468   ELF Image Totals (compressed)
     34982       1954      20210        916          0          0   ROM Totals

==============================================================================

    Total RO  Size (Code + RO Data)                55192 (  53.90kB)
    Total RW  Size (RW Data + ZI Data)             11568 (  11.30kB)
    Total ROM Size (Code + RO Data + RW Data)      56108 (  54.79kB)

==============================================================================

